<html>
<body>
<pre>
<h1>µVision Build Log</h1>
<h2>Tool Versions:</h2>
IDE-Version: µVision V5.26.2.0
Copyright (C) 2018 ARM Ltd and ARM Germany GmbH. All rights reserved.
License Information: Tuan Luong, UET, LIC=----
 
Tool Versions:
Toolchain:       MDK-Lite  Version: 5.26.2.0
Toolchain Path:  C:\Keil_v5\ARM\ARMCC\Bin
C Compiler:      Armcc.exe V5.06 update 6 (build 750)
Assembler:       Armasm.exe V5.06 update 6 (build 750)
Linker/Locator:  ArmLink.exe V5.06 update 6 (build 750)
Library Manager: ArmAr.exe V5.06 update 6 (build 750)
Hex Converter:   FromElf.exe V5.06 update 6 (build 750)
CPU DLL:         SARMCM3.DLL V5.26.2.0
Dialog DLL:      DCM.DLL V1.17.2.0
Target DLL:      STLink\ST-LINKIII-KEIL_SWO.dll V3.0.5.0
Dialog DLL:      TCM.DLL V1.36.1.0
 
<h2>Project:</h2>
C:\Users\Wind\OneDrive\Desktop\BTL\BTL_Dem_so_buoc_chan.uvprojx
Project File Date:  06/10/2023

<h2>Output:</h2>
*** Using Compiler 'V5.06 update 6 (build 750)', folder: 'C:\Keil_v5\ARM\ARMCC\Bin'
Build target 'Dem_so_buoc_chan'
compiling GPIO.c...
GPIO.h(36): warning:  #1-D: last line of file ends without a newline
  void init_GP(unsigned short port, unsigned short pin, unsigned short dir, unsigned short opt);
GPIO.c(33): warning:  #1-D: last line of file ends without a newline
  }
GPIO.c: 2 warnings, 0 errors
compiling i2c_lcd.c...
i2c.h(13): warning:  #1295-D: Deprecated declaration My_I2C_Init - give arg types
  void My_I2C_Init();
i2c.h(19): warning:  #1295-D: Deprecated declaration i2c_init - give arg types
  void i2c_init();
i2c_lcd.h(23): warning:  #1295-D: Deprecated declaration I2C_LCD_Setup - give arg types
  void I2C_LCD_Setup();
i2c_lcd.c(129): warning:  #167-D: argument of type "char *" is incompatible with parameter of type "uint8_t *"
  		I2C_Read(I2C_LCD_ADDR + 1, &temp, 1);
i2c_lcd.c: 4 warnings, 0 errors
compiling i2c.c...
i2c.h(13): warning:  #1295-D: Deprecated declaration My_I2C_Init - give arg types
  void My_I2C_Init();
i2c.h(19): warning:  #1295-D: Deprecated declaration i2c_init - give arg types
  void i2c_init();
i2c.c(266): warning:  #1-D: last line of file ends without a newline
  }
i2c.c: 3 warnings, 0 errors
compiling i2c_mpu6050.c...
i2c.h(13): warning:  #1295-D: Deprecated declaration My_I2C_Init - give arg types
  void My_I2C_Init();
i2c.h(19): warning:  #1295-D: Deprecated declaration i2c_init - give arg types
  void i2c_init();
i2c_mpu6050.h(66): warning:  #1-D: last line of file ends without a newline
  #endif
i2c_mpu6050.c(40): warning:  #1-D: last line of file ends without a newline
  }
i2c_mpu6050.c: 4 warnings, 0 errors
compiling main.c...
GPIO.h(36): warning:  #1-D: last line of file ends without a newline
  void init_GP(unsigned short port, unsigned short pin, unsigned short dir, unsigned short opt);
i2c.h(13): warning:  #1295-D: Deprecated declaration My_I2C_Init - give arg types
  void My_I2C_Init();
i2c.h(19): warning:  #1295-D: Deprecated declaration i2c_init - give arg types
  void i2c_init();
i2c_lcd.h(23): warning:  #1295-D: Deprecated declaration I2C_LCD_Setup - give arg types
  void I2C_LCD_Setup();
i2c_mpu6050.h(66): warning:  #1-D: last line of file ends without a newline
  #endif
main.c(162): warning:  #1-D: last line of file ends without a newline
  }
main.c: 6 warnings, 0 errors
linking...
Program Size: Code=16340 RO-data=588 RW-data=80 ZI-data=1680  
".\Objects\Test.axf" - 0 Error(s), 19 Warning(s).

<h2>Software Packages used:</h2>

Package Vendor: ARM
                http://www.keil.com/pack/ARM.CMSIS.5.9.0.pack
                ARM.CMSIS.5.9.0
                CMSIS (Common Microcontroller Software Interface Standard)
   * Component: CORE Version: 5.6.0

Package Vendor: Keil
                https://www.keil.com/pack/Keil.STM32F1xx_DFP.2.4.1.pack
                Keil.STM32F1xx_DFP.2.4.1
                STMicroelectronics STM32F1 Series Device Support, Drivers and Examples
   * Component: Startup Version: 1.0.0
   * Component: Framework Version: 3.6.0
   * Component: GPIO Version: 3.6.0
   * Component: I2C Version: 3.6.0
   * Component: RCC Version: 3.6.0
   * Component: TIM Version: 3.6.0

<h2>Collection of Component include folders:</h2>
  .\RTE\Device\STM32F103C6
  .\RTE\_Dem_so_buoc_chan
  C:\Keil_v5\ARM\PACK\ARM\CMSIS\5.9.0\CMSIS\Core\Include
  C:\Keil_v5\ARM\PACK\Keil\STM32F1xx_DFP\2.4.1\Device\Include
  C:\Keil_v5\ARM\PACK\Keil\STM32F1xx_DFP\2.4.1\Device\StdPeriph_Driver\inc

<h2>Collection of Component Files used:</h2>

   * Component: ARM::CMSIS:CORE:5.6.0

   * Component: Keil::Device:Startup:1.0.0
      Source file:   Device\Source\ARM\startup_stm32f10x_ld.s
      Source file:   Device\Source\system_stm32f10x.c
      Source file:   Device\Source\ARM\STM32F1xx_OPT.s
      Include file:  RTE_Driver\Config\RTE_Device.h

   * Component: Keil::Device:StdPeriph Drivers:Framework:3.6.0
      Include file:  Device\StdPeriph_Driver\templates\stm32f10x_it.h
      Source file:   Device\StdPeriph_Driver\templates\stm32f10x_it.c
      Source file:   Device\StdPeriph_Driver\src\misc.c
      Include file:  Device\StdPeriph_Driver\inc\misc.h
      Source file:   Device\StdPeriph_Driver\templates\stm32f10x_conf.h

   * Component: Keil::Device:StdPeriph Drivers:GPIO:3.6.0
      Include file:  Device\StdPeriph_Driver\inc\stm32f10x_gpio.h
      Source file:   Device\StdPeriph_Driver\src\stm32f10x_gpio.c

   * Component: Keil::Device:StdPeriph Drivers:I2C:3.6.0
      Source file:   Device\StdPeriph_Driver\src\stm32f10x_i2c.c
      Include file:  Device\StdPeriph_Driver\inc\stm32f10x_i2c.h

   * Component: Keil::Device:StdPeriph Drivers:RCC:3.6.0
      Include file:  Device\StdPeriph_Driver\inc\stm32f10x_rcc.h
      Source file:   Device\StdPeriph_Driver\src\stm32f10x_rcc.c

   * Component: Keil::Device:StdPeriph Drivers:TIM:3.6.0
      Include file:  Device\StdPeriph_Driver\inc\stm32f10x_tim.h
      Source file:   Device\StdPeriph_Driver\src\stm32f10x_tim.c
Build Time Elapsed:  00:00:01
</pre>
</body>
</html>
