Component: ARM Compiler 5.06 update 6 (build 750) Tool: armlink [4d35ed]

==============================================================================

Section Cross References

    main.o(i.EXTI0_IRQHandler) refers to main.o(.data) for STAGE
    main.o(i.EXTI1_IRQHandler) refers to main.o(.data) for STAGE
    main.o(i.main) refers to _printf_percent.o(.ARM.Collect$$_printf_percent$$00000000) for _printf_percent
    main.o(i.main) refers to _printf_d.o(.ARM.Collect$$_printf_percent$$00000009) for _printf_d
    main.o(i.main) refers to _printf_dec.o(.text) for _printf_int_dec
    main.o(i.main) refers to gpio.o(i.init_GP) for init_GP
    main.o(i.main) refers to interrupt.o(i.EXTI0_Init) for EXTI0_Init
    main.o(i.main) refers to interrupt.o(i.EXTI1_Init) for EXTI1_Init
    main.o(i.main) refers to delay.o(i.delay_init) for delay_init
    main.o(i.main) refers to i2c_mpu6050.o(i.I2C_MPU6050_Setup) for I2C_MPU6050_Setup
    main.o(i.main) refers to i2c_mpu6050.o(i.I2C_MPU6050_Init) for I2C_MPU6050_Init
    main.o(i.main) refers to i2c_lcd.o(i.I2C_LCD_Setup) for I2C_LCD_Setup
    main.o(i.main) refers to i2c_lcd.o(i.I2C_LCD_Init) for I2C_LCD_Init
    main.o(i.main) refers to i2c_lcd.o(i.I2C_LCD_BackLight) for I2C_LCD_BackLight
    main.o(i.main) refers to i2c_lcd.o(i.I2C_LCD_Clear) for I2C_LCD_Clear
    main.o(i.main) refers to noretval__2sprintf.o(.text) for __2sprintf
    main.o(i.main) refers to i2c_lcd.o(i.I2C_LCD_Puts) for I2C_LCD_Puts
    main.o(i.main) refers to i2c_mpu6050.o(i.CTR_READ_ACCEL_MPU6050) for CTR_READ_ACCEL_MPU6050
    main.o(i.main) refers to fleqf.o(x$fpl$fleqf) for __aeabi_cfcmple
    main.o(i.main) refers to f2d.o(x$fpl$f2d) for __aeabi_f2d
    main.o(i.main) refers to pow.o(i.pow) for pow
    main.o(i.main) refers to daddsub_clz.o(x$fpl$dadd) for __aeabi_dadd
    main.o(i.main) refers to d2f.o(x$fpl$d2f) for __aeabi_d2f
    main.o(i.main) refers to dleqf.o(x$fpl$dleqf) for __aeabi_cdcmple
    main.o(i.main) refers to drleqf.o(x$fpl$drleqf) for __aeabi_cdrcmple
    main.o(i.main) refers to faddsub_clz.o(x$fpl$fsub) for __aeabi_fsub
    main.o(i.main) refers to sqrt.o(i.sqrt) for sqrt
    main.o(i.main) refers to fflt_clz.o(x$fpl$ffltu) for __aeabi_ui2f
    main.o(i.main) refers to fdiv.o(x$fpl$fdiv) for __aeabi_fdiv
    main.o(i.main) refers to delay.o(i.Delay_Ms) for Delay_Ms
    main.o(i.main) refers to main.o(.data) for count
    main.o(i.main) refers to main.o(.bss) for CTR_datasend
    interrupt.o(i.EXTI0_Init) refers to interrupt.o(i.__NVIC_SetPriority) for __NVIC_SetPriority
    interrupt.o(i.EXTI0_Init) refers to interrupt.o(i.__NVIC_EnableIRQ) for __NVIC_EnableIRQ
    interrupt.o(i.EXTI1_Init) refers to interrupt.o(i.__NVIC_SetPriority) for __NVIC_SetPriority
    interrupt.o(i.EXTI1_Init) refers to interrupt.o(i.__NVIC_EnableIRQ) for __NVIC_EnableIRQ
    delay.o(i.Delay1Ms) refers to stm32f10x_tim.o(i.TIM_Cmd) for TIM_Cmd
    delay.o(i.Delay1Ms) refers to stm32f10x_tim.o(i.TIM_SetCounter) for TIM_SetCounter
    delay.o(i.Delay1Ms) refers to stm32f10x_tim.o(i.TIM_GetCounter) for TIM_GetCounter
    delay.o(i.Delay_Ms) refers to delay.o(i.Delay1Ms) for Delay1Ms
    delay.o(i.delay_init) refers to stm32f10x_rcc.o(i.RCC_APB1PeriphClockCmd) for RCC_APB1PeriphClockCmd
    delay.o(i.delay_init) refers to stm32f10x_tim.o(i.TIM_TimeBaseInit) for TIM_TimeBaseInit
    delay.o(i.delay_us) refers to stm32f10x_tim.o(i.TIM_Cmd) for TIM_Cmd
    delay.o(i.delay_us) refers to stm32f10x_tim.o(i.TIM_SetCounter) for TIM_SetCounter
    delay.o(i.delay_us) refers to stm32f10x_tim.o(i.TIM_GetCounter) for TIM_GetCounter
    i2c.o(i.CTR_Single_Read) refers to i2c.o(i.i2c_start) for i2c_start
    i2c.o(i.CTR_Single_Read) refers to i2c.o(i.i2c_write) for i2c_write
    i2c.o(i.CTR_Single_Read) refers to i2c.o(i.i2c_stop) for i2c_stop
    i2c.o(i.CTR_Single_Read) refers to i2c.o(i.i2c_read) for i2c_read
    i2c.o(i.CTR_Single_Write) refers to i2c.o(i.i2c_start) for i2c_start
    i2c.o(i.CTR_Single_Write) refers to i2c.o(i.i2c_write) for i2c_write
    i2c.o(i.CTR_Single_Write) refers to i2c.o(i.i2c_stop) for i2c_stop
    i2c.o(i.CTR_Single_Write) refers to delay.o(i.Delay_Ms) for Delay_Ms
    i2c.o(i.I2C_Read) refers to i2c.o(i.i2c_start) for i2c_start
    i2c.o(i.I2C_Read) refers to i2c.o(i.i2c_write) for i2c_write
    i2c.o(i.I2C_Read) refers to i2c.o(i.i2c_stop) for i2c_stop
    i2c.o(i.I2C_Read) refers to i2c.o(i.i2c_read) for i2c_read
    i2c.o(i.I2C_Write) refers to i2c.o(i.i2c_start) for i2c_start
    i2c.o(i.I2C_Write) refers to i2c.o(i.i2c_write) for i2c_write
    i2c.o(i.I2C_Write) refers to i2c.o(i.i2c_stop) for i2c_stop
    i2c.o(i.My_I2C_Init) refers to i2c.o(i.i2c_init) for i2c_init
    i2c.o(i.SCL_0) refers to stm32f10x_gpio.o(i.GPIO_ResetBits) for GPIO_ResetBits
    i2c.o(i.SCL_0) refers to i2c.o(.data) for GPIO_PIN_y
    i2c.o(i.SCL_1) refers to stm32f10x_gpio.o(i.GPIO_SetBits) for GPIO_SetBits
    i2c.o(i.SCL_1) refers to i2c.o(.data) for GPIO_PIN_y
[...]
    Removing stm32f10x_tim.o(i.TIM_GetCapture1), (6 bytes).
    Removing stm32f10x_tim.o(i.TIM_GetCapture2), (6 bytes).
    Removing stm32f10x_tim.o(i.TIM_GetCapture3), (6 bytes).
    Removing stm32f10x_tim.o(i.TIM_GetCapture4), (8 bytes).
    Removing stm32f10x_tim.o(i.TIM_GetFlagStatus), (18 bytes).
    Removing stm32f10x_tim.o(i.TIM_GetITStatus), (34 bytes).
    Removing stm32f10x_tim.o(i.TIM_GetPrescaler), (6 bytes).
    Removing stm32f10x_tim.o(i.TIM_ICInit), (172 bytes).
    Removing stm32f10x_tim.o(i.TIM_ICStructInit), (18 bytes).
    Removing stm32f10x_tim.o(i.TIM_ITConfig), (18 bytes).
    Removing stm32f10x_tim.o(i.TIM_ITRxExternalClockConfig), (24 bytes).
    Removing stm32f10x_tim.o(i.TIM_InternalClockConfig), (12 bytes).
    Removing stm32f10x_tim.o(i.TIM_OC1FastConfig), (18 bytes).
    Removing stm32f10x_tim.o(i.TIM_OC1Init), (152 bytes).
    Removing stm32f10x_tim.o(i.TIM_OC1NPolarityConfig), (18 bytes).
    Removing stm32f10x_tim.o(i.TIM_OC1PolarityConfig), (18 bytes).
    Removing stm32f10x_tim.o(i.TIM_OC1PreloadConfig), (18 bytes).
    Removing stm32f10x_tim.o(i.TIM_OC2FastConfig), (26 bytes).
    Removing stm32f10x_tim.o(i.TIM_OC2Init), (164 bytes).
    Removing stm32f10x_tim.o(i.TIM_OC2NPolarityConfig), (26 bytes).
    Removing stm32f10x_tim.o(i.TIM_OC2PolarityConfig), (26 bytes).
    Removing stm32f10x_tim.o(i.TIM_OC2PreloadConfig), (26 bytes).
    Removing stm32f10x_tim.o(i.TIM_OC3FastConfig), (18 bytes).
    Removing stm32f10x_tim.o(i.TIM_OC3Init), (160 bytes).
    Removing stm32f10x_tim.o(i.TIM_OC3NPolarityConfig), (26 bytes).
    Removing stm32f10x_tim.o(i.TIM_OC3PolarityConfig), (26 bytes).
    Removing stm32f10x_tim.o(i.TIM_OC3PreloadConfig), (18 bytes).
    Removing stm32f10x_tim.o(i.TIM_OC4FastConfig), (26 bytes).
    Removing stm32f10x_tim.o(i.TIM_OC4Init), (124 bytes).
    Removing stm32f10x_tim.o(i.TIM_OC4PolarityConfig), (26 bytes).
    Removing stm32f10x_tim.o(i.TIM_OC4PreloadConfig), (26 bytes).
    Removing stm32f10x_tim.o(i.TIM_OCStructInit), (20 bytes).
    Removing stm32f10x_tim.o(i.TIM_PWMIConfig), (124 bytes).
    Removing stm32f10x_tim.o(i.TIM_PrescalerConfig), (6 bytes).
    Removing stm32f10x_tim.o(i.TIM_SelectCCDMA), (24 bytes).
    Removing stm32f10x_tim.o(i.TIM_SelectCOM), (24 bytes).
    Removing stm32f10x_tim.o(i.TIM_SelectHallSensor), (24 bytes).
    Removing stm32f10x_tim.o(i.TIM_SelectInputTrigger), (18 bytes).
    Removing stm32f10x_tim.o(i.TIM_SelectMasterSlaveMode), (18 bytes).
    Removing stm32f10x_tim.o(i.TIM_SelectOCxM), (82 bytes).
    Removing stm32f10x_tim.o(i.TIM_SelectOnePulseMode), (18 bytes).
    Removing stm32f10x_tim.o(i.TIM_SelectOutputTrigger), (18 bytes).
    Removing stm32f10x_tim.o(i.TIM_SelectSlaveMode), (18 bytes).
    Removing stm32f10x_tim.o(i.TIM_SetAutoreload), (4 bytes).
    Removing stm32f10x_tim.o(i.TIM_SetClockDivision), (18 bytes).
    Removing stm32f10x_tim.o(i.TIM_SetCompare1), (4 bytes).
    Removing stm32f10x_tim.o(i.TIM_SetCompare2), (4 bytes).
    Removing stm32f10x_tim.o(i.TIM_SetCompare3), (4 bytes).
    Removing stm32f10x_tim.o(i.TIM_SetCompare4), (6 bytes).
    Removing stm32f10x_tim.o(i.TIM_SetIC1Prescaler), (18 bytes).
    Removing stm32f10x_tim.o(i.TIM_SetIC2Prescaler), (26 bytes).
    Removing stm32f10x_tim.o(i.TIM_SetIC3Prescaler), (18 bytes).
    Removing stm32f10x_tim.o(i.TIM_SetIC4Prescaler), (26 bytes).
    Removing stm32f10x_tim.o(i.TIM_TIxExternalClockConfig), (62 bytes).
    Removing stm32f10x_tim.o(i.TIM_TimeBaseStructInit), (18 bytes).
    Removing stm32f10x_tim.o(i.TIM_UpdateDisableConfig), (24 bytes).
    Removing stm32f10x_tim.o(i.TIM_UpdateRequestConfig), (24 bytes).
    Removing system_stm32f10x.o(.rev16_text), (4 bytes).
    Removing system_stm32f10x.o(.revsh_text), (4 bytes).
    Removing system_stm32f10x.o(.rrx_text), (6 bytes).
    Removing system_stm32f10x.o(i.SystemCoreClockUpdate), (164 bytes).
    Removing system_stm32f10x.o(.data), (20 bytes).

210 unused section(s) (total 6882 bytes) removed from the image.

==============================================================================

Image Symbol Table

    Local Symbols

    Symbol Name                              Value     Ov Type        Size  Object(Section)

    ../clib/angel/boardlib.s                 0x00000000   Number         0  boardinit3.o ABSOLUTE
    ../clib/angel/boardlib.s                 0x00000000   Number         0  boardinit2.o ABSOLUTE
    ../clib/angel/boardlib.s                 0x00000000   Number         0  boardinit1.o ABSOLUTE
    ../clib/angel/boardlib.s                 0x00000000   Number         0  boardshut.o ABSOLUTE
    ../clib/angel/handlers.s                 0x00000000   Number         0  __scatter_zi.o ABSOLUTE
    ../clib/angel/handlers.s                 0x00000000   Number         0  __scatter_copy.o ABSOLUTE
    ../clib/angel/kernel.s                   0x00000000   Number         0  __rtentry.o ABSOLUTE
    ../clib/angel/kernel.s                   0x00000000   Number         0  rtexit2.o ABSOLUTE
    ../clib/angel/kernel.s                   0x00000000   Number         0  __rtentry4.o ABSOLUTE
    ../clib/angel/kernel.s                   0x00000000   Number         0  rtexit.o ABSOLUTE
    ../clib/angel/kernel.s                   0x00000000   Number         0  __rtentry2.o ABSOLUTE
    ../clib/angel/rt.s                       0x00000000   Number         0  rt_raise.o ABSOLUTE
    ../clib/angel/rt.s                       0x00000000   Number         0  rt_errno_addr_intlibspace.o ABSOLUTE
    ../clib/angel/rt.s                       0x00000000   Number         0  rt_errno_addr.o ABSOLUTE
    ../clib/angel/scatter.s                  0x00000000   Number         0  __scatter.o ABSOLUTE
    ../clib/angel/startup.s                  0x00000000   Number         0  __main.o ABSOLUTE
    ../clib/angel/sys.s                      0x00000000   Number         0  libspace.o ABSOLUTE
    ../clib/angel/sys.s                      0x00000000   Number         0  use_no_semi.o ABSOLUTE
    ../clib/angel/sys.s                      0x00000000   Number         0  indicate_semi.o ABSOLUTE
    ../clib/angel/sys.s                      0x00000000   Number         0  sys_stackheap_outer.o ABSOLUTE
    ../clib/angel/sysapp.c                   0x00000000   Number         0  sys_command.o ABSOLUTE
    ../clib/angel/sysapp.c                   0x00000000   Number         0  sys_wrch.o ABSOLUTE
    ../clib/angel/sysapp.c                   0x00000000   Number         0  sys_exit.o ABSOLUTE
    ../clib/armsys.c                         0x00000000   Number         0  argv_veneer.o ABSOLUTE
    ../clib/armsys.c                         0x00000000   Number         0  no_argv.o ABSOLUTE
    ../clib/armsys.c                         0x00000000   Number         0  _get_argv_nomalloc.o ABSOLUTE
    ../clib/armsys.c                         0x00000000   Number         0  argv_veneer.o ABSOLUTE
    ../clib/fenv.c                           0x00000000   Number         0  _rserrno.o ABSOLUTE
    ../clib/heapalloc.c                      0x00000000   Number         0  hrguard.o ABSOLUTE
    ../clib/heapaux.c                        0x00000000   Number         0  heapauxi.o ABSOLUTE
    ../clib/libinit.s                        0x00000000   Number         0  libinit2.o ABSOLUTE
    ../clib/libinit.s                        0x00000000   Number         0  libinit.o ABSOLUTE
    ../clib/libinit.s                        0x00000000   Number         0  libshutdown.o ABSOLUTE
    ../clib/libinit.s                        0x00000000   Number         0  libshutdown2.o ABSOLUTE
    ../clib/printf.c                         0x00000000   Number         0  _sputc.o ABSOLUTE
    ../clib/printf.c                         0x00000000   Number         0  _printf_intcommon.o ABSOLUTE
    ../clib/printf.c                         0x00000000   Number         0  __2sprintf.o ABSOLUTE
    ../clib/printf.c                         0x00000000   Number         0  noretval__2sprintf.o ABSOLUTE
    ../clib/printf.c                         0x00000000   Number         0  __printf.o ABSOLUTE
    ../clib/printf.c                         0x00000000   Number         0  _printf_dec.o ABSOLUTE
    ../clib/printf.c                         0x00000000   Number         0  __printf_flags.o ABSOLUTE
    ../clib/printf.c                         0x00000000   Number         0  __printf_ss.o ABSOLUTE
    ../clib/printf.c                         0x00000000   Number         0  __printf_flags_ss.o ABSOLUTE
    ../clib/printf.c                         0x00000000   Number         0  __printf_wp.o ABSOLUTE
    ../clib/printf.c                         0x00000000   Number         0  __printf_flags_wp.o ABSOLUTE
    ../clib/printf.c                         0x00000000   Number         0  __printf_ss_wp.o ABSOLUTE
    ../clib/printf.c                         0x00000000   Number         0  __printf_flags_ss_wp.o ABSOLUTE
    ../clib/printf.c                         0x00000000   Number         0  __printf_nopercent.o ABSOLUTE
    ../clib/printf.c                         0x00000000   Number         0  _printf_char_common.o ABSOLUTE
    ../clib/printf_percent.s                 0x00000000   Number         0  _printf_d.o ABSOLUTE
    ../clib/printf_percent.s                 0x00000000   Number         0  _printf_percent.o ABSOLUTE
    ../clib/printf_percent.s                 0x00000000   Number         0  _printf_percent_end.o ABSOLUTE
    ../clib/signal.c                         0x00000000   Number         0  defsig_rtred_inner.o ABSOLUTE
    ../clib/signal.c                         0x00000000   Number         0  defsig_other.o ABSOLUTE
    ../clib/signal.c                         0x00000000   Number         0  defsig_segv_inner.o ABSOLUTE
    ../clib/signal.c                         0x00000000   Number         0  defsig_stak_inner.o ABSOLUTE
    ../clib/signal.c                         0x00000000   Number         0  defsig_rtmem_outer.o ABSOLUTE
    ../clib/signal.c                         0x00000000   Number         0  defsig_rtmem_formal.o ABSOLUTE
    ../clib/signal.c                         0x00000000   Number         0  defsig_cppl_inner.o ABSOLUTE
    ../clib/signal.c                         0x00000000   Number         0  defsig_exit.o ABSOLUTE
    ../clib/signal.c                         0x00000000   Number         0  defsig_rtmem_inner.o ABSOLUTE
    ../clib/signal.c                         0x00000000   Number         0  __raise.o ABSOLUTE
    ../clib/signal.c                         0x00000000   Number         0  defsig_general.o ABSOLUTE
    ../clib/signal.c                         0x00000000   Number         0  defsig_abrt_inner.o ABSOLUTE
    ../clib/signal.c                         0x00000000   Number         0  defsig_fpe_inner.o ABSOLUTE
    ../clib/signal.c                         0x00000000   Number         0  defsig_pvfn_inner.o ABSOLUTE
    ../clib/signal.s                         0x00000000   Number         0  defsig.o ABSOLUTE
    ../clib/stdlib.c                         0x00000000   Number         0  exit.o ABSOLUTE
    ../fplib/d2f.s                           0x00000000   Number         0  d2f.o ABSOLUTE
    ../fplib/daddsub.s                       0x00000000   Number         0  daddsub_clz.o ABSOLUTE
    ../fplib/dcheck1.s                       0x00000000   Number         0  dcheck1.o ABSOLUTE
    ../fplib/dcmpi.s                         0x00000000   Number         0  dcmpi.o ABSOLUTE
    ../fplib/ddiv.s                          0x00000000   Number         0  ddiv.o ABSOLUTE
    ../fplib/dflt.s                          0x00000000   Number         0  dflt_clz.o ABSOLUTE
    ../fplib/dleqf.s                         0x00000000   Number         0  dleqf.o ABSOLUTE
    ../fplib/dmul.s                          0x00000000   Number         0  dmul.o ABSOLUTE
    ../fplib/dnaninf.s                       0x00000000   Number         0  dnaninf.o ABSOLUTE
    ../fplib/dretinf.s                       0x00000000   Number         0  dretinf.o ABSOLUTE
    ../fplib/drleqf.s                        0x00000000   Number         0  drleqf.o ABSOLUTE
    ../fplib/dsqrt.s                         0x00000000   Number         0  dsqrt_noumaal.o ABSOLUTE
    ../fplib/f2d.s                           0x00000000   Number         0  f2d.o ABSOLUTE
    ../fplib/faddsub.s                       0x00000000   Number         0  faddsub_clz.o ABSOLUTE
    ../fplib/fcmpi.s                         0x00000000   Number         0  fcmpi.o ABSOLUTE
    ../fplib/fdiv.s                          0x00000000   Number         0  fdiv.o ABSOLUTE
    ../fplib/fflt.s                          0x00000000   Number         0  fflt_clz.o ABSOLUTE
    ../fplib/fleqf.s                         0x00000000   Number         0  fleqf.o ABSOLUTE
    ../fplib/fnaninf.s                       0x00000000   Number         0  fnaninf.o ABSOLUTE
    ../fplib/fpinit.s                        0x00000000   Number         0  fpinit.o ABSOLUTE
    ../fplib/fretinf.s                       0x00000000   Number         0  fretinf.o ABSOLUTE
    ../fplib/retnan.s                        0x00000000   Number         0  retnan.o ABSOLUTE
    ../fplib/scalbn.s                        0x00000000   Number         0  scalbn.o ABSOLUTE
    ../fplib/trapv.s                         0x00000000   Number         0  trapv.o ABSOLUTE
    ../fplib/usenofp.s                       0x00000000   Number         0  usenofp.o ABSOLUTE
    ../mathlib/dunder.c                      0x00000000   Number         0  dunder.o ABSOLUTE
    ../mathlib/fpclassify.c                  0x00000000   Number         0  fpclassify.o ABSOLUTE
    ../mathlib/poly.c                        0x00000000   Number         0  poly.o ABSOLUTE
    ../mathlib/pow.c                         0x00000000   Number         0  pow_x.o ABSOLUTE
    ../mathlib/pow.c                         0x00000000   Number         0  pow.o ABSOLUTE
    ../mathlib/qnan.c                        0x00000000   Number         0  qnan.o ABSOLUTE
    ../mathlib/sqrt.c                        0x00000000   Number         0  sqrt.o ABSOLUTE
    ../mathlib/sqrt.c                        0x00000000   Number         0  sqrt_x.o ABSOLUTE
    C:\Keil_v5\ARM\PACK\Keil\STM32F1xx_DFP\2.4.1\Device\StdPeriph_Driver\src\misc.c 0x00000000   Number         0  misc.o ABSOLUTE
    C:\Keil_v5\ARM\PACK\Keil\STM32F1xx_DFP\2.4.1\Device\StdPeriph_Driver\src\stm32f10x_gpio.c 0x00000000   Number         0  stm32f10x_gpio.o ABSOLUTE
    C:\Keil_v5\ARM\PACK\Keil\STM32F1xx_DFP\2.4.1\Device\StdPeriph_Driver\src\stm32f10x_i2c.c 0x00000000   Number         0  stm32f10x_i2c.o ABSOLUTE
    C:\Keil_v5\ARM\PACK\Keil\STM32F1xx_DFP\2.4.1\Device\StdPeriph_Driver\src\stm32f10x_rcc.c 0x00000000   Number         0  stm32f10x_rcc.o ABSOLUTE
    C:\Keil_v5\ARM\PACK\Keil\STM32F1xx_DFP\2.4.1\Device\StdPeriph_Driver\src\stm32f10x_tim.c 0x00000000   Number         0  stm32f10x_tim.o ABSOLUTE
    C:\\Keil_v5\\ARM\\PACK\\Keil\\STM32F1xx_DFP\\2.4.1\\Device\\StdPeriph_Driver\\src\\misc.c 0x00000000   Number         0  misc.o ABSOLUTE
    C:\\Keil_v5\\ARM\\PACK\\Keil\\STM32F1xx_DFP\\2.4.1\\Device\\StdPeriph_Driver\\src\\stm32f10x_gpio.c 0x00000000   Number         0  stm32f10x_gpio.o ABSOLUTE
    C:\\Keil_v5\\ARM\\PACK\\Keil\\STM32F1xx_DFP\\2.4.1\\Device\\StdPeriph_Driver\\src\\stm32f10x_i2c.c 0x00000000   Number         0  stm32f10x_i2c.o ABSOLUTE
    C:\\Keil_v5\\ARM\\PACK\\Keil\\STM32F1xx_DFP\\2.4.1\\Device\\StdPeriph_Driver\\src\\stm32f10x_rcc.c 0x00000000   Number         0  stm32f10x_rcc.o ABSOLUTE
    C:\\Keil_v5\\ARM\\PACK\\Keil\\STM32F1xx_DFP\\2.4.1\\Device\\StdPeriph_Driver\\src\\stm32f10x_tim.c 0x00000000   Number         0  stm32f10x_tim.o ABSOLUTE
    GPIO.c                                   0x00000000   Number         0  gpio.o ABSOLUTE
    RTE\Device\STM32F103C6\startup_stm32f10x_ld.s 0x00000000   Number         0  startup_stm32f10x_ld.o ABSOLUTE
    RTE\Device\STM32F103C6\system_stm32f10x.c 0x00000000   Number         0  system_stm32f10x.o ABSOLUTE
    RTE\\Device\\STM32F103C6\\system_stm32f10x.c 0x00000000   Number         0  system_stm32f10x.o ABSOLUTE
    dc.s                                     0x00000000   Number         0  dc.o ABSOLUTE
    delay.c                                  0x00000000   Number         0  delay.o ABSOLUTE
    delay.c                                  0x00000000   Number         0  delay.o ABSOLUTE
    i2c.c                                    0x00000000   Number         0  i2c.o ABSOLUTE
    i2c.c                                    0x00000000   Number         0  i2c.o ABSOLUTE
    i2c_lcd.c                                0x00000000   Number         0  i2c_lcd.o ABSOLUTE
    i2c_lcd.c                                0x00000000   Number         0  i2c_lcd.o ABSOLUTE
    i2c_mpu6050.c                            0x00000000   Number         0  i2c_mpu6050.o ABSOLUTE
    i2c_mpu6050.c                            0x00000000   Number         0  i2c_mpu6050.o ABSOLUTE
    interrupt.c                              0x00000000   Number         0  interrupt.o ABSOLUTE
    interrupt.c                              0x00000000   Number         0  interrupt.o ABSOLUTE
    main.c                                   0x00000000   Number         0  main.o ABSOLUTE
    main.c                                   0x00000000   Number         0  main.o ABSOLUTE
    RESET                                    0x08000000   Section      236  startup_stm32f10x_ld.o(RESET)
    !!!main                                  0x080000ec   Section        8  __main.o(!!!main)
    !!!scatter                               0x080000f4   Section       52  __scatter.o(!!!scatter)
    !!handler_copy                           0x08000128   Section       26  __scatter_copy.o(!!handler_copy)
    !!handler_zi                             0x08000144   Section       28  __scatter_zi.o(!!handler_zi)
    .ARM.Collect$$_printf_percent$$00000000  0x08000160   Section        0  _printf_percent.o(.ARM.Collect$$_printf_percent$$00000000)
    .ARM.Collect$$_printf_percent$$00000009  0x08000160   Section        6  _printf_d.o(.ARM.Collect$$_printf_percent$$00000009)
    .ARM.Collect$$_printf_percent$$00000017  0x08000166   Section        4  _printf_percent_end.o(.ARM.Collect$$_printf_percent$$00000017)
    .ARM.Collect$$libinit$$00000000          0x0800016a   Section        2  libinit.o(.ARM.Collect$$libinit$$00000000)
    .ARM.Collect$$libinit$$00000002          0x0800016c   Section        0  libinit2.o(.ARM.Collect$$libinit$$00000002)
    .ARM.Collect$$libinit$$00000004          0x0800016c   Section        0  libinit2.o(.ARM.Collect$$libinit$$00000004)
    .ARM.Collect$$libinit$$0000000A          0x0800016c   Section        0  libinit2.o(.ARM.Collect$$libinit$$0000000A)
    .ARM.Collect$$libinit$$0000000C          0x0800016c   Section        0  libinit2.o(.ARM.Collect$$libinit$$0000000C)
    .ARM.Collect$$libinit$$0000000E          0x0800016c   Section        0  libinit2.o(.ARM.Collect$$libinit$$0000000E)
    .ARM.Collect$$libinit$$00000011          0x0800016c   Section        0  libinit2.o(.ARM.Collect$$libinit$$00000011)
    .ARM.Collect$$libinit$$00000013          0x0800016c   Section        0  libinit2.o(.ARM.Collect$$libinit$$00000013)
    .ARM.Collect$$libinit$$00000015          0x0800016c   Section        0  libinit2.o(.ARM.Collect$$libinit$$00000015)
    .ARM.Collect$$libinit$$00000017          0x0800016c   Section        0  libinit2.o(.ARM.Collect$$libinit$$00000017)
    .ARM.Collect$$libinit$$00000019          0x0800016c   Section        0  libinit2.o(.ARM.Collect$$libinit$$00000019)
    .ARM.Collect$$libinit$$0000001B          0x0800016c   Section        0  libinit2.o(.ARM.Collect$$libinit$$0000001B)
    .ARM.Collect$$libinit$$0000001D          0x0800016c   Section        0  libinit2.o(.ARM.Collect$$libinit$$0000001D)
    .ARM.Collect$$libinit$$0000001F          0x0800016c   Section        0  libinit2.o(.ARM.Collect$$libinit$$0000001F)
    .ARM.Collect$$libinit$$00000021          0x0800016c   Section        0  libinit2.o(.ARM.Collect$$libinit$$00000021)
    .ARM.Collect$$libinit$$00000023          0x0800016c   Section        0  libinit2.o(.ARM.Collect$$libinit$$00000023)
    .ARM.Collect$$libinit$$00000025          0x0800016c   Section        0  libinit2.o(.ARM.Collect$$libinit$$00000025)
    .ARM.Collect$$libinit$$0000002C          0x0800016c   Section        0  libinit2.o(.ARM.Collect$$libinit$$0000002C)
    .ARM.Collect$$libinit$$0000002E          0x0800016c   Section        0  libinit2.o(.ARM.Collect$$libinit$$0000002E)
    .ARM.Collect$$libinit$$00000030          0x0800016c   Section        0  libinit2.o(.ARM.Collect$$libinit$$00000030)
    .ARM.Collect$$libinit$$00000032          0x0800016c   Section        0  libinit2.o(.ARM.Collect$$libinit$$00000032)
    .ARM.Collect$$libinit$$00000033          0x0800016c   Section        2  libinit2.o(.ARM.Collect$$libinit$$00000033)
    .ARM.Collect$$libshutdown$$00000000      0x0800016e   Section        2  libshutdown.o(.ARM.Collect$$libshutdown$$00000000)
    .ARM.Collect$$libshutdown$$00000002      0x08000170   Section        0  libshutdown2.o(.ARM.Collect$$libshutdown$$00000002)
    .ARM.Collect$$libshutdown$$00000004      0x08000170   Section        0  libshutdown2.o(.ARM.Collect$$libshutdown$$00000004)
    .ARM.Collect$$libshutdown$$00000007      0x08000170   Section        0  libshutdown2.o(.ARM.Collect$$libshutdown$$00000007)
    .ARM.Collect$$libshutdown$$0000000A      0x08000170   Section        0  libshutdown2.o(.ARM.Collect$$libshutdown$$0000000A)
    .ARM.Collect$$libshutdown$$0000000C      0x08000170   Section        0  libshutdown2.o(.ARM.Collect$$libshutdown$$0000000C)
    .ARM.Collect$$libshutdown$$0000000F      0x08000170   Section        0  libshutdown2.o(.ARM.Collect$$libshutdown$$0000000F)
    .ARM.Collect$$libshutdown$$00000010      0x08000170   Section        2  libshutdown2.o(.ARM.Collect$$libshutdown$$00000010)
    .ARM.Collect$$rtentry$$00000000          0x08000172   Section        0  __rtentry.o(.ARM.Collect$$rtentry$$00000000)
    .ARM.Collect$$rtentry$$00000002          0x08000172   Section        0  __rtentry2.o(.ARM.Collect$$rtentry$$00000002)
    .ARM.Collect$$rtentry$$00000004          0x08000172   Section        6  __rtentry4.o(.ARM.Collect$$rtentry$$00000004)
    .ARM.Collect$$rtentry$$00000009          0x08000178   Section        0  __rtentry2.o(.ARM.Collect$$rtentry$$00000009)
    .ARM.Collect$$rtentry$$0000000A          0x08000178   Section        4  __rtentry2.o(.ARM.Collect$$rtentry$$0000000A)
    .ARM.Collect$$rtentry$$0000000C          0x0800017c   Section        0  __rtentry2.o(.ARM.Collect$$rtentry$$0000000C)
    .ARM.Collect$$rtentry$$0000000D          0x0800017c   Section        8  __rtentry2.o(.ARM.Collect$$rtentry$$0000000D)
    .ARM.Collect$$rtexit$$00000000           0x08000184   Section        2  rtexit.o(.ARM.Collect$$rtexit$$00000000)
    .ARM.Collect$$rtexit$$00000002           0x08000186   Section        0  rtexit2.o(.ARM.Collect$$rtexit$$00000002)
    .ARM.Collect$$rtexit$$00000003           0x08000186   Section        4  rtexit2.o(.ARM.Collect$$rtexit$$00000003)
    .ARM.Collect$$rtexit$$00000004           0x0800018a   Section        6  rtexit2.o(.ARM.Collect$$rtexit$$00000004)
    .text                                    0x08000190   Section       64  startup_stm32f10x_ld.o(.text)
    .text                                    0x080001d0   Section        0  noretval__2sprintf.o(.text)
    .text                                    0x080001f8   Section        0  __printf.o(.text)
    .text                                    0x08000260   Section        0  _printf_dec.o(.text)
    .text                                    0x080002d8   Section        0  heapauxi.o(.text)
    .text                                    0x080002de   Section        0  _rserrno.o(.text)
    .text                                    0x080002f4   Section        0  _printf_intcommon.o(.text)
    .text                                    0x080003a8   Section        0  _printf_char_common.o(.text)
    _printf_input_char                       0x080003a9   Thumb Code    10  _printf_char_common.o(.text)
    .text                                    0x080003d8   Section        0  _sputc.o(.text)
    .text                                    0x080003e4   Section        8  rt_errno_addr_intlibspace.o(.text)
    .text                                    0x080003ec   Section        8  libspace.o(.text)
    .text                                    0x080003f4   Section       74  sys_stackheap_outer.o(.text)
    .text                                    0x0800043e   Section        0  exit.o(.text)
    .text                                    0x08000450   Section        0  sys_exit.o(.text)
    .text                                    0x0800045c   Section        2  use_no_semi.o(.text)
    .text                                    0x0800045e   Section        0  indicate_semi.o(.text)
    i.CTR_READ_ACCEL_MPU6050                 0x08000460   Section        0  i2c_mpu6050.o(i.CTR_READ_ACCEL_MPU6050)
    i.CTR_Single_Read                        0x08000540   Section        0  i2c.o(i.CTR_Single_Read)
    i.CTR_Single_Write                       0x08000590   Section        0  i2c.o(i.CTR_Single_Write)
    i.Delay1Ms                               0x080005da   Section        0  delay.o(i.Delay1Ms)
    i.Delay_Ms                               0x0800060a   Section        0  delay.o(i.Delay_Ms)
    i.EXTI0_IRQHandler                       0x0800061c   Section        0  main.o(i.EXTI0_IRQHandler)
    i.EXTI0_Init                             0x08000678   Section        0  interrupt.o(i.EXTI0_Init)
    i.EXTI1_IRQHandler                       0x080006d8   Section        0  main.o(i.EXTI1_IRQHandler)
    i.EXTI1_Init                             0x08000710   Section        0  interrupt.o(i.EXTI1_Init)
    i.GPIO_Init                              0x08000770   Section        0  stm32f10x_gpio.o(i.GPIO_Init)
    i.GPIO_ReadInputDataBit                  0x08000886   Section        0  stm32f10x_gpio.o(i.GPIO_ReadInputDataBit)
    i.GPIO_ResetBits                         0x08000898   Section        0  stm32f10x_gpio.o(i.GPIO_ResetBits)
    i.GPIO_SetBits                           0x0800089c   Section        0  stm32f10x_gpio.o(i.GPIO_SetBits)
    i.I2C_LCD_BackLight                      0x080008a0   Section        0  i2c_lcd.o(i.I2C_LCD_BackLight)
    i.I2C_LCD_Clear                          0x080008c0   Section        0  i2c_lcd.o(i.I2C_LCD_Clear)
    i.I2C_LCD_FlushVal                       0x080008cc   Section        0  i2c_lcd.o(i.I2C_LCD_FlushVal)
    I2C_LCD_FlushVal                         0x080008cd   Thumb Code    52  i2c_lcd.o(i.I2C_LCD_FlushVal)
    i.I2C_LCD_Init                           0x08000908   Section        0  i2c_lcd.o(i.I2C_LCD_Init)
    i.I2C_LCD_Puts                           0x0800098c   Section        0  i2c_lcd.o(i.I2C_LCD_Puts)
    i.I2C_LCD_Setup                          0x080009a8   Section        0  i2c_lcd.o(i.I2C_LCD_Setup)
    i.I2C_LCD_WriteCmd                       0x080009bc   Section        0  i2c_lcd.o(i.I2C_LCD_WriteCmd)
    I2C_LCD_WriteCmd                         0x080009bd   Thumb Code    42  i2c_lcd.o(i.I2C_LCD_WriteCmd)
    i.I2C_LCD_Write_4bit                     0x080009ec   Section        0  i2c_lcd.o(i.I2C_LCD_Write_4bit)
    I2C_LCD_Write_4bit                       0x080009ed   Thumb Code   106  i2c_lcd.o(i.I2C_LCD_Write_4bit)
    i.I2C_MPU6050_Init                       0x08000a5c   Section        0  i2c_mpu6050.o(i.I2C_MPU6050_Init)
    i.I2C_MPU6050_Setup                      0x08000a98   Section        0  i2c_mpu6050.o(i.I2C_MPU6050_Setup)
    i.I2C_Read                               0x08000aac   Section        0  i2c.o(i.I2C_Read)
    i.I2C_Write                              0x08000af2   Section        0  i2c.o(i.I2C_Write)
    i.LCD_WaitBusy                           0x08000b38   Section        0  i2c_lcd.o(i.LCD_WaitBusy)
    i.LCD_Write_Chr                          0x08000ba4   Section        0  i2c_lcd.o(i.LCD_Write_Chr)
    i.My_I2C_Init                            0x08000bd4   Section        0  i2c.o(i.My_I2C_Init)
    i.RCC_APB1PeriphClockCmd                 0x08000bdc   Section        0  stm32f10x_rcc.o(i.RCC_APB1PeriphClockCmd)
    i.RCC_APB2PeriphClockCmd                 0x08000bfc   Section        0  stm32f10x_rcc.o(i.RCC_APB2PeriphClockCmd)
    i.SCL_0                                  0x08000c1c   Section        0  i2c.o(i.SCL_0)
    i.SCL_1                                  0x08000c34   Section        0  i2c.o(i.SCL_1)
    i.SDA_0                                  0x08000c4c   Section        0  i2c.o(i.SDA_0)
    i.SDA_1                                  0x08000c64   Section        0  i2c.o(i.SDA_1)
    i.SDA_VAL                                0x08000c7c   Section        0  i2c.o(i.SDA_VAL)
    i.SetSysClock                            0x08000c9c   Section        0  system_stm32f10x.o(i.SetSysClock)
    SetSysClock                              0x08000c9d   Thumb Code     8  system_stm32f10x.o(i.SetSysClock)
    i.SetSysClockTo72                        0x08000ca4   Section        0  system_stm32f10x.o(i.SetSysClockTo72)
    SetSysClockTo72                          0x08000ca5   Thumb Code   214  system_stm32f10x.o(i.SetSysClockTo72)
    i.SystemInit                             0x08000d84   Section        0  system_stm32f10x.o(i.SystemInit)
    i.TIM_Cmd                                0x08000de4   Section        0  stm32f10x_tim.o(i.TIM_Cmd)
    i.TIM_GetCounter                         0x08000dfc   Section        0  stm32f10x_tim.o(i.TIM_GetCounter)
    i.TIM_SetCounter                         0x08000e02   Section        0  stm32f10x_tim.o(i.TIM_SetCounter)
    i.TIM_TimeBaseInit                       0x08000e08   Section        0  stm32f10x_tim.o(i.TIM_TimeBaseInit)
    i.__ARM_fpclassify                       0x08000eac   Section        0  fpclassify.o(i.__ARM_fpclassify)
    i.__NVIC_EnableIRQ                       0x08000ed4   Section        0  interrupt.o(i.__NVIC_EnableIRQ)
    __NVIC_EnableIRQ                         0x08000ed5   Thumb Code    34  interrupt.o(i.__NVIC_EnableIRQ)
    i.__NVIC_SetPriority                     0x08000ef8   Section        0  interrupt.o(i.__NVIC_SetPriority)
    __NVIC_SetPriority                       0x08000ef9   Thumb Code    32  interrupt.o(i.__NVIC_SetPriority)
    i.__kernel_poly                          0x08000f20   Section        0  poly.o(i.__kernel_poly)
    i.__mathlib_dbl_divzero                  0x08000fcc   Section        0  dunder.o(i.__mathlib_dbl_divzero)
    i.__mathlib_dbl_infnan2                  0x08000fdc   Section        0  dunder.o(i.__mathlib_dbl_infnan2)
    i.__mathlib_dbl_invalid                  0x08000fe0   Section        0  dunder.o(i.__mathlib_dbl_invalid)
    i.__mathlib_dbl_overflow                 0x08000fec   Section        0  dunder.o(i.__mathlib_dbl_overflow)
    i.__mathlib_dbl_underflow                0x08000ffc   Section        0  dunder.o(i.__mathlib_dbl_underflow)
    i.delay_init                             0x0800100c   Section        0  delay.o(i.delay_init)
    i.delay_us                               0x08001036   Section        0  delay.o(i.delay_us)
    i.i2c_init                               0x08001068   Section        0  i2c.o(i.i2c_init)
    i.i2c_read                               0x080010b4   Section        0  i2c.o(i.i2c_read)
    i.i2c_setup                              0x08001120   Section        0  i2c.o(i.i2c_setup)
    i.i2c_start                              0x08001144   Section        0  i2c.o(i.i2c_start)
    i.i2c_stop                               0x08001170   Section        0  i2c.o(i.i2c_stop)
    i.i2c_write                              0x08001192   Section        0  i2c.o(i.i2c_write)
    i.init_GP                                0x08001204   Section        0  gpio.o(i.init_GP)
    i.main                                   0x080012b8   Section        0  main.o(i.main)
    i.pow                                    0x080016a8   Section        0  pow.o(i.pow)
    i.sqrt                                   0x08002080   Section        0  sqrt.o(i.sqrt)
    x$fpl$d2f                                0x080020cc   Section       98  d2f.o(x$fpl$d2f)
    x$fpl$dadd                               0x08002130   Section      336  daddsub_clz.o(x$fpl$dadd)
    _dadd1                                   0x08002141   Thumb Code     0  daddsub_clz.o(x$fpl$dadd)
    x$fpl$dcheck1                            0x08002280   Section       16  dcheck1.o(x$fpl$dcheck1)
    x$fpl$dcmpinf                            0x08002290   Section       24  dcmpi.o(x$fpl$dcmpinf)
    x$fpl$ddiv                               0x080022a8   Section      688  ddiv.o(x$fpl$ddiv)
    ddiv_entry                               0x080022af   Thumb Code     0  ddiv.o(x$fpl$ddiv)
    x$fpl$dflt                               0x08002558   Section       46  dflt_clz.o(x$fpl$dflt)
    x$fpl$dfltu                              0x08002586   Section       38  dflt_clz.o(x$fpl$dfltu)
    x$fpl$dleqf                              0x080025ac   Section      120  dleqf.o(x$fpl$dleqf)
    x$fpl$dmul                               0x08002624   Section      340  dmul.o(x$fpl$dmul)
    x$fpl$dnaninf                            0x08002778   Section      156  dnaninf.o(x$fpl$dnaninf)
    x$fpl$dretinf                            0x08002814   Section       12  dretinf.o(x$fpl$dretinf)
    x$fpl$drleqf                             0x08002820   Section      108  drleqf.o(x$fpl$drleqf)
    x$fpl$drsb                               0x0800288c   Section       22  daddsub_clz.o(x$fpl$drsb)
    x$fpl$dsqrt                              0x080028a4   Section      460  dsqrt_noumaal.o(x$fpl$dsqrt)
    x$fpl$dsub                               0x08002a70   Section      468  daddsub_clz.o(x$fpl$dsub)
    _dsub1                                   0x08002a81   Thumb Code     0  daddsub_clz.o(x$fpl$dsub)
    x$fpl$f2d                                0x08002c44   Section       86  f2d.o(x$fpl$f2d)
    x$fpl$fadd                               0x08002c9c   Section      196  faddsub_clz.o(x$fpl$fadd)
    _fadd1                                   0x08002cab   Thumb Code     0  faddsub_clz.o(x$fpl$fadd)
    x$fpl$fcmpinf                            0x08002d60   Section       24  fcmpi.o(x$fpl$fcmpinf)
    x$fpl$fdiv                               0x08002d78   Section      388  fdiv.o(x$fpl$fdiv)
    _fdiv1                                   0x08002d79   Thumb Code     0  fdiv.o(x$fpl$fdiv)
    x$fpl$ffltu                              0x08002efc   Section       38  fflt_clz.o(x$fpl$ffltu)
    x$fpl$fleqf                              0x08002f24   Section      104  fleqf.o(x$fpl$fleqf)
    x$fpl$fnaninf                            0x08002f8c   Section      140  fnaninf.o(x$fpl$fnaninf)
    x$fpl$fretinf                            0x08003018   Section       10  fretinf.o(x$fpl$fretinf)
    x$fpl$fsub                               0x08003024   Section      234  faddsub_clz.o(x$fpl$fsub)
    _fsub1                                   0x08003033   Thumb Code     0  faddsub_clz.o(x$fpl$fsub)
    x$fpl$retnan                             0x0800310e   Section      100  retnan.o(x$fpl$retnan)
    x$fpl$scalbn                             0x08003172   Section       92  scalbn.o(x$fpl$scalbn)
    x$fpl$trapveneer                         0x080031ce   Section       48  trapv.o(x$fpl$trapveneer)
    x$fpl$usenofp                            0x080031fe   Section        0  usenofp.o(x$fpl$usenofp)
    .constdata                               0x08003200   Section      136  pow.o(.constdata)
    bp                                       0x08003200   Data          16  pow.o(.constdata)
    dp_h                                     0x08003210   Data          16  pow.o(.constdata)
    dp_l                                     0x08003220   Data          16  pow.o(.constdata)
    L                                        0x08003230   Data          48  pow.o(.constdata)
    P                                        0x08003260   Data          40  pow.o(.constdata)
    .constdata                               0x08003288   Section        8  qnan.o(.constdata)
    .data                                    0x20000000   Section       56  main.o(.data)
    STAGE                                    0x20000000   Data           2  main.o(.data)
    .data                                    0x20000038   Section       12  i2c.o(.data)
    .data                                    0x20000044   Section        9  i2c_lcd.o(.data)
    u8LCD_Buff                               0x20000044   Data           8  i2c_lcd.o(.data)
    u8LcdTmp                                 0x2000004c   Data           1  i2c_lcd.o(.data)
    .data                                    0x2000004e   Section       10  i2c_mpu6050.o(.data)
    CTR_MPU6050_BUF                          0x2000004e   Data           8  i2c_mpu6050.o(.data)
    a                                        0x20000056   Data           2  i2c_mpu6050.o(.data)
    .bss                                     0x20000058   Section       32  main.o(.bss)
    .bss                                     0x20000078   Section       16  i2c_mpu6050.o(.bss)
    mpuData                                  0x20000078   Data          16  i2c_mpu6050.o(.bss)
    .bss                                     0x20000088   Section       96  libspace.o(.bss)
    HEAP                                     0x200000e8   Section      512  startup_stm32f10x_ld.o(HEAP)
    Heap_Mem                                 0x200000e8   Data         512  startup_stm32f10x_ld.o(HEAP)
    STACK                                    0x200002e8   Section     1024  startup_stm32f10x_ld.o(STACK)
    Stack_Mem                                0x200002e8   Data        1024  startup_stm32f10x_ld.o(STACK)
    __initial_sp                             0x200006e8   Data           0  startup_stm32f10x_ld.o(STACK)

    Global Symbols

    Symbol Name                              Value     Ov Type        Size  Object(Section)

    BuildAttributes$$THM_ISAv4$P$D$K$B$S$PE$A:L22UL41UL21$X:L11$S22US41US21$IEEE1$IW$USESV6$~STKCKD$USESV7$~SHL$OTIME$ROPI$IEEEX$EBA8$UX$STANDARDLIB$REQ8$PRES8$EABIv2 0x00000000   Number         0  anon$$obj.o ABSOLUTE
    __ARM_use_no_argv                        0x00000000   Number         0  main.o ABSOLUTE
    __ARM_exceptions_init                     - Undefined Weak Reference
    __alloca_initialize                       - Undefined Weak Reference
    __arm_preinit_                            - Undefined Weak Reference
    __cpp_initialize__aeabi_                  - Undefined Weak Reference
    __cxa_finalize                            - Undefined Weak Reference
    __rt_locale                               - Undefined Weak Reference
    __sigvec_lookup                           - Undefined Weak Reference
    _atexit_init                              - Undefined Weak Reference
    _call_atexit_fns                          - Undefined Weak Reference
    _clock_init                               - Undefined Weak Reference
    _fp_trap_init                             - Undefined Weak Reference
    _fp_trap_shutdown                         - Undefined Weak Reference
    _get_lc_collate                           - Undefined Weak Reference
    _get_lc_ctype                             - Undefined Weak Reference
    _get_lc_monetary                          - Undefined Weak Reference
    _get_lc_numeric                           - Undefined Weak Reference
    _get_lc_time                              - Undefined Weak Reference
    _getenv_init                              - Undefined Weak Reference
    _handle_redirection                       - Undefined Weak Reference
    _init_alloc                               - Undefined Weak Reference
    _init_user_alloc                          - Undefined Weak Reference
    _initio                                   - Undefined Weak Reference
    _printf_post_padding                      - Undefined Weak Reference
    _printf_pre_padding                       - Undefined Weak Reference
    _printf_truncate_signed                   - Undefined Weak Reference
    _printf_truncate_unsigned                 - Undefined Weak Reference
    _rand_init                                - Undefined Weak Reference
    _signal_finish                            - Undefined Weak Reference
    _signal_init                              - Undefined Weak Reference
    _terminate_alloc                          - Undefined Weak Reference
    _terminate_user_alloc                     - Undefined Weak Reference
    _terminateio                              - Undefined Weak Reference
    __Vectors_Size                           0x000000ec   Number         0  startup_stm32f10x_ld.o ABSOLUTE
    __Vectors                                0x08000000   Data           4  startup_stm32f10x_ld.o(RESET)
    __Vectors_End                            0x080000ec   Data           0  startup_stm32f10x_ld.o(RESET)
    __main                                   0x080000ed   Thumb Code     8  __main.o(!!!main)
    __scatterload                            0x080000f5   Thumb Code     0  __scatter.o(!!!scatter)
    __scatterload_rt2                        0x080000f5   Thumb Code    44  __scatter.o(!!!scatter)
    __scatterload_rt2_thumb_only             0x080000f5   Thumb Code     0  __scatter.o(!!!scatter)
    __scatterload_null                       0x08000103   Thumb Code     0  __scatter.o(!!!scatter)
    __scatterload_copy                       0x08000129   Thumb Code    26  __scatter_copy.o(!!handler_copy)
    __scatterload_zeroinit                   0x08000145   Thumb Code    28  __scatter_zi.o(!!handler_zi)
    _printf_d                                0x08000161   Thumb Code     0  _printf_d.o(.ARM.Collect$$_printf_percent$$00000009)
    _printf_percent                          0x08000161   Thumb Code     0  _printf_percent.o(.ARM.Collect$$_printf_percent$$00000000)
    _printf_percent_end                      0x08000167   Thumb Code     0  _printf_percent_end.o(.ARM.Collect$$_printf_percent$$00000017)
    __rt_lib_init                            0x0800016b   Thumb Code     0  libinit.o(.ARM.Collect$$libinit$$00000000)
    __rt_lib_init_alloca_1                   0x0800016d   Thumb Code     0  libinit2.o(.ARM.Collect$$libinit$$0000002E)
    __rt_lib_init_argv_1                     0x0800016d   Thumb Code     0  libinit2.o(.ARM.Collect$$libinit$$0000002C)
    __rt_lib_init_atexit_1                   0x0800016d   Thumb Code     0  libinit2.o(.ARM.Collect$$libinit$$0000001B)
    __rt_lib_init_clock_1                    0x0800016d   Thumb Code     0  libinit2.o(.ARM.Collect$$libinit$$00000021)
    __rt_lib_init_cpp_1                      0x0800016d   Thumb Code     0  libinit2.o(.ARM.Collect$$libinit$$00000032)
    __rt_lib_init_exceptions_1               0x0800016d   Thumb Code     0  libinit2.o(.ARM.Collect$$libinit$$00000030)
    __rt_lib_init_fp_1                       0x0800016d   Thumb Code     0  libinit2.o(.ARM.Collect$$libinit$$00000002)
    __rt_lib_init_fp_trap_1                  0x0800016d   Thumb Code     0  libinit2.o(.ARM.Collect$$libinit$$0000001F)
    __rt_lib_init_getenv_1                   0x0800016d   Thumb Code     0  libinit2.o(.ARM.Collect$$libinit$$00000023)
    __rt_lib_init_heap_1                     0x0800016d   Thumb Code     0  libinit2.o(.ARM.Collect$$libinit$$0000000A)
    __rt_lib_init_lc_collate_1               0x0800016d   Thumb Code     0  libinit2.o(.ARM.Collect$$libinit$$00000011)
    __rt_lib_init_lc_ctype_1                 0x0800016d   Thumb Code     0  libinit2.o(.ARM.Collect$$libinit$$00000013)
    __rt_lib_init_lc_monetary_1              0x0800016d   Thumb Code     0  libinit2.o(.ARM.Collect$$libinit$$00000015)
    __rt_lib_init_lc_numeric_1               0x0800016d   Thumb Code     0  libinit2.o(.ARM.Collect$$libinit$$00000017)
    __rt_lib_init_lc_time_1                  0x0800016d   Thumb Code     0  libinit2.o(.ARM.Collect$$libinit$$00000019)
    __rt_lib_init_preinit_1                  0x0800016d   Thumb Code     0  libinit2.o(.ARM.Collect$$libinit$$00000004)
    __rt_lib_init_rand_1                     0x0800016d   Thumb Code     0  libinit2.o(.ARM.Collect$$libinit$$0000000E)
    __rt_lib_init_return                     0x0800016d   Thumb Code     0  libinit2.o(.ARM.Collect$$libinit$$00000033)
    __rt_lib_init_signal_1                   0x0800016d   Thumb Code     0  libinit2.o(.ARM.Collect$$libinit$$0000001D)
    __rt_lib_init_stdio_1                    0x0800016d   Thumb Code     0  libinit2.o(.ARM.Collect$$libinit$$00000025)
    __rt_lib_init_user_alloc_1               0x0800016d   Thumb Code     0  libinit2.o(.ARM.Collect$$libinit$$0000000C)
    __rt_lib_shutdown                        0x0800016f   Thumb Code     0  libshutdown.o(.ARM.Collect$$libshutdown$$00000000)
    __rt_lib_shutdown_cpp_1                  0x08000171   Thumb Code     0  libshutdown2.o(.ARM.Collect$$libshutdown$$00000002)
    __rt_lib_shutdown_fp_trap_1              0x08000171   Thumb Code     0  libshutdown2.o(.ARM.Collect$$libshutdown$$00000007)
    __rt_lib_shutdown_heap_1                 0x08000171   Thumb Code     0  libshutdown2.o(.ARM.Collect$$libshutdown$$0000000F)
    __rt_lib_shutdown_return                 0x08000171   Thumb Code     0  libshutdown2.o(.ARM.Collect$$libshutdown$$00000010)
    __rt_lib_shutdown_signal_1               0x08000171   Thumb Code     0  libshutdown2.o(.ARM.Collect$$libshutdown$$0000000A)
    __rt_lib_shutdown_stdio_1                0x08000171   Thumb Code     0  libshutdown2.o(.ARM.Collect$$libshutdown$$00000004)
    __rt_lib_shutdown_user_alloc_1           0x08000171   Thumb Code     0  libshutdown2.o(.ARM.Collect$$libshutdown$$0000000C)
    __rt_entry                               0x08000173   Thumb Code     0  __rtentry.o(.ARM.Collect$$rtentry$$00000000)
    __rt_entry_presh_1                       0x08000173   Thumb Code     0  __rtentry2.o(.ARM.Collect$$rtentry$$00000002)
    __rt_entry_sh                            0x08000173   Thumb Code     0  __rtentry4.o(.ARM.Collect$$rtentry$$00000004)
    __rt_entry_li                            0x08000179   Thumb Code     0  __rtentry2.o(.ARM.Collect$$rtentry$$0000000A)
    __rt_entry_postsh_1                      0x08000179   Thumb Code     0  __rtentry2.o(.ARM.Collect$$rtentry$$00000009)
    __rt_entry_main                          0x0800017d   Thumb Code     0  __rtentry2.o(.ARM.Collect$$rtentry$$0000000D)
    __rt_entry_postli_1                      0x0800017d   Thumb Code     0  __rtentry2.o(.ARM.Collect$$rtentry$$0000000C)
    __rt_exit                                0x08000185   Thumb Code     0  rtexit.o(.ARM.Collect$$rtexit$$00000000)
    __rt_exit_ls                             0x08000187   Thumb Code     0  rtexit2.o(.ARM.Collect$$rtexit$$00000003)
    __rt_exit_prels_1                        0x08000187   Thumb Code     0  rtexit2.o(.ARM.Collect$$rtexit$$00000002)
    __rt_exit_exit                           0x0800018b   Thumb Code     0  rtexit2.o(.ARM.Collect$$rtexit$$00000004)
    Reset_Handler                            0x08000191   Thumb Code     8  startup_stm32f10x_ld.o(.text)
    NMI_Handler                              0x08000199   Thumb Code     2  startup_stm32f10x_ld.o(.text)
    HardFault_Handler                        0x0800019b   Thumb Code     2  startup_stm32f10x_ld.o(.text)
    MemManage_Handler                        0x0800019d   Thumb Code     2  startup_stm32f10x_ld.o(.text)
    BusFault_Handler                         0x0800019f   Thumb Code     2  startup_stm32f10x_ld.o(.text)
    UsageFault_Handler                       0x080001a1   Thumb Code     2  startup_stm32f10x_ld.o(.text)
    SVC_Handler                              0x080001a3   Thumb Code     2  startup_stm32f10x_ld.o(.text)
    DebugMon_Handler                         0x080001a5   Thumb Code     2  startup_stm32f10x_ld.o(.text)
    PendSV_Handler                           0x080001a7   Thumb Code     2  startup_stm32f10x_ld.o(.text)
    SysTick_Handler                          0x080001a9   Thumb Code     2  startup_stm32f10x_ld.o(.text)
    ADC1_2_IRQHandler                        0x080001ab   Thumb Code     0  startup_stm32f10x_ld.o(.text)
    CAN1_RX1_IRQHandler                      0x080001ab   Thumb Code     0  startup_stm32f10x_ld.o(.text)
    CAN1_SCE_IRQHandler                      0x080001ab   Thumb Code     0  startup_stm32f10x_ld.o(.text)
    DMA1_Channel1_IRQHandler                 0x080001ab   Thumb Code     0  startup_stm32f10x_ld.o(.text)
    DMA1_Channel2_IRQHandler                 0x080001ab   Thumb Code     0  startup_stm32f10x_ld.o(.text)
    DMA1_Channel3_IRQHandler                 0x080001ab   Thumb Code     0  startup_stm32f10x_ld.o(.text)
    DMA1_Channel4_IRQHandler                 0x080001ab   Thumb Code     0  startup_stm32f10x_ld.o(.text)
    DMA1_Channel5_IRQHandler                 0x080001ab   Thumb Code     0  startup_stm32f10x_ld.o(.text)
    DMA1_Channel6_IRQHandler                 0x080001ab   Thumb Code     0  startup_stm32f10x_ld.o(.text)
    DMA1_Channel7_IRQHandler                 0x080001ab   Thumb Code     0  startup_stm32f10x_ld.o(.text)
    EXTI15_10_IRQHandler                     0x080001ab   Thumb Code     0  startup_stm32f10x_ld.o(.text)
    EXTI2_IRQHandler                         0x080001ab   Thumb Code     0  startup_stm32f10x_ld.o(.text)
    EXTI3_IRQHandler                         0x080001ab   Thumb Code     0  startup_stm32f10x_ld.o(.text)
    EXTI4_IRQHandler                         0x080001ab   Thumb Code     0  startup_stm32f10x_ld.o(.text)
    EXTI9_5_IRQHandler                       0x080001ab   Thumb Code     0  startup_stm32f10x_ld.o(.text)
    FLASH_IRQHandler                         0x080001ab   Thumb Code     0  startup_stm32f10x_ld.o(.text)
    I2C1_ER_IRQHandler                       0x080001ab   Thumb Code     0  startup_stm32f10x_ld.o(.text)
    I2C1_EV_IRQHandler                       0x080001ab   Thumb Code     0  startup_stm32f10x_ld.o(.text)
    PVD_IRQHandler                           0x080001ab   Thumb Code     0  startup_stm32f10x_ld.o(.text)
    RCC_IRQHandler                           0x080001ab   Thumb Code     0  startup_stm32f10x_ld.o(.text)
    RTCAlarm_IRQHandler                      0x080001ab   Thumb Code     0  startup_stm32f10x_ld.o(.text)
    RTC_IRQHandler                           0x080001ab   Thumb Code     0  startup_stm32f10x_ld.o(.text)
    SPI1_IRQHandler                          0x080001ab   Thumb Code     0  startup_stm32f10x_ld.o(.text)
    TAMPER_IRQHandler                        0x080001ab   Thumb Code     0  startup_stm32f10x_ld.o(.text)
    TIM1_BRK_IRQHandler                      0x080001ab   Thumb Code     0  startup_stm32f10x_ld.o(.text)
    TIM1_CC_IRQHandler                       0x080001ab   Thumb Code     0  startup_stm32f10x_ld.o(.text)
    TIM1_TRG_COM_IRQHandler                  0x080001ab   Thumb Code     0  startup_stm32f10x_ld.o(.text)
    TIM1_UP_IRQHandler                       0x080001ab   Thumb Code     0  startup_stm32f10x_ld.o(.text)
    TIM2_IRQHandler                          0x080001ab   Thumb Code     0  startup_stm32f10x_ld.o(.text)
    TIM3_IRQHandler                          0x080001ab   Thumb Code     0  startup_stm32f10x_ld.o(.text)
    USART1_IRQHandler                        0x080001ab   Thumb Code     0  startup_stm32f10x_ld.o(.text)
    USART2_IRQHandler                        0x080001ab   Thumb Code     0  startup_stm32f10x_ld.o(.text)
    USBWakeUp_IRQHandler                     0x080001ab   Thumb Code     0  startup_stm32f10x_ld.o(.text)
    USB_HP_CAN1_TX_IRQHandler                0x080001ab   Thumb Code     0  startup_stm32f10x_ld.o(.text)
    USB_LP_CAN1_RX0_IRQHandler               0x080001ab   Thumb Code     0  startup_stm32f10x_ld.o(.text)
    WWDG_IRQHandler                          0x080001ab   Thumb Code     0  startup_stm32f10x_ld.o(.text)
    __user_initial_stackheap                 0x080001ad   Thumb Code     0  startup_stm32f10x_ld.o(.text)
    __2sprintf                               0x080001d1   Thumb Code    34  noretval__2sprintf.o(.text)
    __printf                                 0x080001f9   Thumb Code   104  __printf.o(.text)
    _printf_int_dec                          0x08000261   Thumb Code   104  _printf_dec.o(.text)
    __use_two_region_memory                  0x080002d9   Thumb Code     2  heapauxi.o(.text)
    __rt_heap_escrow$2region                 0x080002db   Thumb Code     2  heapauxi.o(.text)
    __rt_heap_expand$2region                 0x080002dd   Thumb Code     2  heapauxi.o(.text)
    __read_errno                             0x080002df   Thumb Code    10  _rserrno.o(.text)
    __set_errno                              0x080002e9   Thumb Code    12  _rserrno.o(.text)
    _printf_int_common                       0x080002f5   Thumb Code   178  _printf_intcommon.o(.text)
    _printf_char_common                      0x080003b3   Thumb Code    32  _printf_char_common.o(.text)
    _sputc                                   0x080003d9   Thumb Code    10  _sputc.o(.text)
    __aeabi_errno_addr                       0x080003e5   Thumb Code     8  rt_errno_addr_intlibspace.o(.text)
    __errno$intlibspace                      0x080003e5   Thumb Code     0  rt_errno_addr_intlibspace.o(.text)
    __rt_errno_addr$intlibspace              0x080003e5   Thumb Code     0  rt_errno_addr_intlibspace.o(.text)
    __user_libspace                          0x080003ed   Thumb Code     8  libspace.o(.text)
    __user_perproc_libspace                  0x080003ed   Thumb Code     0  libspace.o(.text)
    __user_perthread_libspace                0x080003ed   Thumb Code     0  libspace.o(.text)
    __user_setup_stackheap                   0x080003f5   Thumb Code    74  sys_stackheap_outer.o(.text)
    exit                                     0x0800043f   Thumb Code    18  exit.o(.text)
    _sys_exit                                0x08000451   Thumb Code     8  sys_exit.o(.text)
    __I$use$semihosting                      0x0800045d   Thumb Code     0  use_no_semi.o(.text)
    __use_no_semihosting_swi                 0x0800045d   Thumb Code     2  use_no_semi.o(.text)
    __semihosting_library_function           0x0800045f   Thumb Code     0  indicate_semi.o(.text)
    CTR_READ_ACCEL_MPU6050                   0x08000461   Thumb Code   208  i2c_mpu6050.o(i.CTR_READ_ACCEL_MPU6050)
    CTR_Single_Read                          0x08000541   Thumb Code    80  i2c.o(i.CTR_Single_Read)
    CTR_Single_Write                         0x08000591   Thumb Code    74  i2c.o(i.CTR_Single_Write)
    Delay1Ms                                 0x080005db   Thumb Code    48  delay.o(i.Delay1Ms)
    Delay_Ms                                 0x0800060b   Thumb Code    18  delay.o(i.Delay_Ms)
    EXTI0_IRQHandler                         0x0800061d   Thumb Code    80  main.o(i.EXTI0_IRQHandler)
    EXTI0_Init                               0x08000679   Thumb Code    82  interrupt.o(i.EXTI0_Init)
    EXTI1_IRQHandler                         0x080006d9   Thumb Code    42  main.o(i.EXTI1_IRQHandler)
    EXTI1_Init                               0x08000711   Thumb Code    82  interrupt.o(i.EXTI1_Init)
    GPIO_Init                                0x08000771   Thumb Code   278  stm32f10x_gpio.o(i.GPIO_Init)
    GPIO_ReadInputDataBit                    0x08000887   Thumb Code    18  stm32f10x_gpio.o(i.GPIO_ReadInputDataBit)
    GPIO_ResetBits                           0x08000899   Thumb Code     4  stm32f10x_gpio.o(i.GPIO_ResetBits)
    GPIO_SetBits                             0x0800089d   Thumb Code     4  stm32f10x_gpio.o(i.GPIO_SetBits)
    I2C_LCD_BackLight                        0x080008a1   Thumb Code    26  i2c_lcd.o(i.I2C_LCD_BackLight)
    I2C_LCD_Clear                            0x080008c1   Thumb Code    10  i2c_lcd.o(i.I2C_LCD_Clear)
    I2C_LCD_Init                             0x08000909   Thumb Code   128  i2c_lcd.o(i.I2C_LCD_Init)
    I2C_LCD_Puts                             0x0800098d   Thumb Code    28  i2c_lcd.o(i.I2C_LCD_Puts)
    I2C_LCD_Setup                            0x080009a9   Thumb Code    16  i2c_lcd.o(i.I2C_LCD_Setup)
    I2C_MPU6050_Init                         0x08000a5d   Thumb Code    58  i2c_mpu6050.o(i.I2C_MPU6050_Init)
    I2C_MPU6050_Setup                        0x08000a99   Thumb Code    16  i2c_mpu6050.o(i.I2C_MPU6050_Setup)
    I2C_Read                                 0x08000aad   Thumb Code    70  i2c.o(i.I2C_Read)
    I2C_Write                                0x08000af3   Thumb Code    68  i2c.o(i.I2C_Write)
    LCD_WaitBusy                             0x08000b39   Thumb Code   104  i2c_lcd.o(i.LCD_WaitBusy)
    LCD_Write_Chr                            0x08000ba5   Thumb Code    42  i2c_lcd.o(i.LCD_Write_Chr)
    My_I2C_Init                              0x08000bd5   Thumb Code     8  i2c.o(i.My_I2C_Init)
    RCC_APB1PeriphClockCmd                   0x08000bdd   Thumb Code    26  stm32f10x_rcc.o(i.RCC_APB1PeriphClockCmd)
    RCC_APB2PeriphClockCmd                   0x08000bfd   Thumb Code    26  stm32f10x_rcc.o(i.RCC_APB2PeriphClockCmd)
    SCL_0                                    0x08000c1d   Thumb Code    16  i2c.o(i.SCL_0)
    SCL_1                                    0x08000c35   Thumb Code    16  i2c.o(i.SCL_1)
    SDA_0                                    0x08000c4d   Thumb Code    16  i2c.o(i.SDA_0)
    SDA_1                                    0x08000c65   Thumb Code    16  i2c.o(i.SDA_1)
    SDA_VAL                                  0x08000c7d   Thumb Code    24  i2c.o(i.SDA_VAL)
    SystemInit                               0x08000d85   Thumb Code    78  system_stm32f10x.o(i.SystemInit)
    TIM_Cmd                                  0x08000de5   Thumb Code    24  stm32f10x_tim.o(i.TIM_Cmd)
    TIM_GetCounter                           0x08000dfd   Thumb Code     6  stm32f10x_tim.o(i.TIM_GetCounter)
    TIM_SetCounter                           0x08000e03   Thumb Code     4  stm32f10x_tim.o(i.TIM_SetCounter)
    TIM_TimeBaseInit                         0x08000e09   Thumb Code   122  stm32f10x_tim.o(i.TIM_TimeBaseInit)
    __ARM_fpclassify                         0x08000ead   Thumb Code    40  fpclassify.o(i.__ARM_fpclassify)
    __kernel_poly                            0x08000f21   Thumb Code   170  poly.o(i.__kernel_poly)
    __mathlib_dbl_divzero                    0x08000fcd   Thumb Code    12  dunder.o(i.__mathlib_dbl_divzero)
    __mathlib_dbl_infnan2                    0x08000fdd   Thumb Code     4  dunder.o(i.__mathlib_dbl_infnan2)
    __mathlib_dbl_invalid                    0x08000fe1   Thumb Code    12  dunder.o(i.__mathlib_dbl_invalid)
    __mathlib_dbl_overflow                   0x08000fed   Thumb Code    14  dunder.o(i.__mathlib_dbl_overflow)
    __mathlib_dbl_underflow                  0x08000ffd   Thumb Code    10  dunder.o(i.__mathlib_dbl_underflow)
    delay_init                               0x0800100d   Thumb Code    42  delay.o(i.delay_init)
    delay_us                                 0x08001037   Thumb Code    48  delay.o(i.delay_us)
    i2c_init                                 0x08001069   Thumb Code    58  i2c.o(i.i2c_init)
    i2c_read                                 0x080010b5   Thumb Code   108  i2c.o(i.i2c_read)
    i2c_setup                                0x08001121   Thumb Code    20  i2c.o(i.i2c_setup)
    i2c_start                                0x08001145   Thumb Code    44  i2c.o(i.i2c_start)
    i2c_stop                                 0x08001171   Thumb Code    34  i2c.o(i.i2c_stop)
    i2c_write                                0x08001193   Thumb Code   114  i2c.o(i.i2c_write)
    init_GP                                  0x08001205   Thumb Code   164  gpio.o(i.init_GP)
    main                                     0x080012b9   Thumb Code   886  main.o(i.main)
    pow                                      0x080016a9   Thumb Code  2512  pow.o(i.pow)
    sqrt                                     0x08002081   Thumb Code    76  sqrt.o(i.sqrt)
    __aeabi_d2f                              0x080020cd   Thumb Code     0  d2f.o(x$fpl$d2f)
    _d2f                                     0x080020cd   Thumb Code    98  d2f.o(x$fpl$d2f)
    __aeabi_dadd                             0x08002131   Thumb Code     0  daddsub_clz.o(x$fpl$dadd)
    _dadd                                    0x08002131   Thumb Code   332  daddsub_clz.o(x$fpl$dadd)
    __fpl_dcheck_NaN1                        0x08002281   Thumb Code    10  dcheck1.o(x$fpl$dcheck1)
    __fpl_dcmp_Inf                           0x08002291   Thumb Code    24  dcmpi.o(x$fpl$dcmpinf)
    __aeabi_ddiv                             0x080022a9   Thumb Code     0  ddiv.o(x$fpl$ddiv)
    _ddiv                                    0x080022a9   Thumb Code   552  ddiv.o(x$fpl$ddiv)
    __aeabi_i2d                              0x08002559   Thumb Code     0  dflt_clz.o(x$fpl$dflt)
    _dflt                                    0x08002559   Thumb Code    46  dflt_clz.o(x$fpl$dflt)
    __aeabi_ui2d                             0x08002587   Thumb Code     0  dflt_clz.o(x$fpl$dfltu)
    _dfltu                                   0x08002587   Thumb Code    38  dflt_clz.o(x$fpl$dfltu)
    __aeabi_cdcmple                          0x080025ad   Thumb Code     0  dleqf.o(x$fpl$dleqf)
    _dcmple                                  0x080025ad   Thumb Code   120  dleqf.o(x$fpl$dleqf)
    __fpl_dcmple_InfNaN                      0x0800260f   Thumb Code     0  dleqf.o(x$fpl$dleqf)
    __aeabi_dmul                             0x08002625   Thumb Code     0  dmul.o(x$fpl$dmul)
    _dmul                                    0x08002625   Thumb Code   332  dmul.o(x$fpl$dmul)
    __fpl_dnaninf                            0x08002779   Thumb Code   156  dnaninf.o(x$fpl$dnaninf)
    __fpl_dretinf                            0x08002815   Thumb Code    12  dretinf.o(x$fpl$dretinf)
    __aeabi_cdrcmple                         0x08002821   Thumb Code     0  drleqf.o(x$fpl$drleqf)
    _drcmple                                 0x08002821   Thumb Code   108  drleqf.o(x$fpl$drleqf)
    __aeabi_drsub                            0x0800288d   Thumb Code     0  daddsub_clz.o(x$fpl$drsb)
    _drsb                                    0x0800288d   Thumb Code    22  daddsub_clz.o(x$fpl$drsb)
    _dsqrt                                   0x080028a5   Thumb Code   456  dsqrt_noumaal.o(x$fpl$dsqrt)
    __aeabi_dsub                             0x08002a71   Thumb Code     0  daddsub_clz.o(x$fpl$dsub)
    _dsub                                    0x08002a71   Thumb Code   464  daddsub_clz.o(x$fpl$dsub)
    __aeabi_f2d                              0x08002c45   Thumb Code     0  f2d.o(x$fpl$f2d)
    _f2d                                     0x08002c45   Thumb Code    86  f2d.o(x$fpl$f2d)
    __aeabi_fadd                             0x08002c9d   Thumb Code     0  faddsub_clz.o(x$fpl$fadd)
    _fadd                                    0x08002c9d   Thumb Code   196  faddsub_clz.o(x$fpl$fadd)
    __fpl_fcmp_Inf                           0x08002d61   Thumb Code    24  fcmpi.o(x$fpl$fcmpinf)
    __aeabi_fdiv                             0x08002d79   Thumb Code     0  fdiv.o(x$fpl$fdiv)
    _fdiv                                    0x08002d79   Thumb Code   384  fdiv.o(x$fpl$fdiv)
    __aeabi_ui2f                             0x08002efd   Thumb Code     0  fflt_clz.o(x$fpl$ffltu)
    _ffltu                                   0x08002efd   Thumb Code    38  fflt_clz.o(x$fpl$ffltu)
    __aeabi_cfcmple                          0x08002f25   Thumb Code     0  fleqf.o(x$fpl$fleqf)
    _fcmple                                  0x08002f25   Thumb Code   104  fleqf.o(x$fpl$fleqf)
    __fpl_fcmple_InfNaN                      0x08002f77   Thumb Code     0  fleqf.o(x$fpl$fleqf)
    __fpl_fnaninf                            0x08002f8d   Thumb Code   140  fnaninf.o(x$fpl$fnaninf)
    __fpl_fretinf                            0x08003019   Thumb Code    10  fretinf.o(x$fpl$fretinf)
    __aeabi_fsub                             0x08003025   Thumb Code     0  faddsub_clz.o(x$fpl$fsub)
    _fsub                                    0x08003025   Thumb Code   234  faddsub_clz.o(x$fpl$fsub)
    __fpl_return_NaN                         0x0800310f   Thumb Code   100  retnan.o(x$fpl$retnan)
    __ARM_scalbn                             0x08003173   Thumb Code    92  scalbn.o(x$fpl$scalbn)
    __fpl_cmpreturn                          0x080031cf   Thumb Code    48  trapv.o(x$fpl$trapveneer)
    __I$use$fp                               0x080031fe   Number         0  usenofp.o(x$fpl$usenofp)
    __mathlib_zero                           0x08003288   Data           8  qnan.o(.constdata)
    Region$$Table$$Base                      0x08003290   Number         0  anon$$obj.o(Region$$Table)
    Region$$Table$$Limit                     0x080032b0   Number         0  anon$$obj.o(Region$$Table)
    i                                        0x20000004   Data           4  main.o(.data)
    CTR_MPU6050_getvalue                     0x20000008   Data           4  main.o(.data)
    count                                    0x2000000c   Data           4  main.o(.data)
    gtb_X                                    0x20000010   Data           4  main.o(.data)
    G_sum                                    0x20000014   Data           4  main.o(.data)
    Gx                                       0x20000018   Data           4  main.o(.data)
    Gz                                       0x2000001c   Data           4  main.o(.data)
    Gy                                       0x20000020   Data           4  main.o(.data)
    Gx_stop                                  0x20000024   Data           4  main.o(.data)
    Gy_stop                                  0x20000028   Data           4  main.o(.data)
    Gz_stop                                  0x2000002c   Data           4  main.o(.data)
    start                                    0x20000030   Data           4  main.o(.data)
    time_change_state                        0x20000034   Data           4  main.o(.data)
    GPIOx                                    0x20000038   Data           4  i2c.o(.data)
    GPIO_PIN_x                               0x2000003c   Data           2  i2c.o(.data)
    GPIO_PIN_y                               0x2000003e   Data           2  i2c.o(.data)
    RCC_APB2Periph_GPIO_x                    0x20000040   Data           4  i2c.o(.data)
    CTR_datasend                             0x20000058   Data          32  main.o(.bss)
    __libspace_start                         0x20000088   Data          96  libspace.o(.bss)
    __temporary_stack_top$libspace           0x200000e8   Data           0  libspace.o(.bss)



==============================================================================

Memory Map of the image

  Image Entry point : 0x08000191

  Load Region LR_1 (Base: 0x08000000, Size: 0x00003308, Max: 0xffffffff, ABSOLUTE)

    Execution Region ER_RO (Exec base: 0x08000000, Load base: 0x08000000, Size: 0x000032b0, Max: 0xffffffff, ABSOLUTE)

    Exec Addr    Load Addr    Size         Type   Attr      Idx    E Section Name        Object

    0x08000000   0x08000000   0x000000ec   Data   RO         1621    RESET               startup_stm32f10x_ld.o
    0x080000ec   0x080000ec   0x00000008   Code   RO         1706  * !!!main             c_w.l(__main.o)
    0x080000f4   0x080000f4   0x00000034   Code   RO         1983    !!!scatter          c_w.l(__scatter.o)
    0x08000128   0x08000128   0x0000001a   Code   RO         1985    !!handler_copy      c_w.l(__scatter_copy.o)
    0x08000142   0x08000142   0x00000002   PAD
    0x08000144   0x08000144   0x0000001c   Code   RO         1987    !!handler_zi        c_w.l(__scatter_zi.o)
    0x08000160   0x08000160   0x00000000   Code   RO         1703    .ARM.Collect$$_printf_percent$$00000000  c_w.l(_printf_percent.o)
    0x08000160   0x08000160   0x00000006   Code   RO         1702    .ARM.Collect$$_printf_percent$$00000009  c_w.l(_printf_d.o)
    0x08000166   0x08000166   0x00000004   Code   RO         1777    .ARM.Collect$$_printf_percent$$00000017  c_w.l(_printf_percent_end.o)
    0x0800016a   0x0800016a   0x00000002   Code   RO         1852    .ARM.Collect$$libinit$$00000000  c_w.l(libinit.o)
    0x0800016c   0x0800016c   0x00000000   Code   RO         1858    .ARM.Collect$$libinit$$00000002  c_w.l(libinit2.o)
    0x0800016c   0x0800016c   0x00000000   Code   RO         1860    .ARM.Collect$$libinit$$00000004  c_w.l(libinit2.o)
    0x0800016c   0x0800016c   0x00000000   Code   RO         1863    .ARM.Collect$$libinit$$0000000A  c_w.l(libinit2.o)
    0x0800016c   0x0800016c   0x00000000   Code   RO         1865    .ARM.Collect$$libinit$$0000000C  c_w.l(libinit2.o)
    0x0800016c   0x0800016c   0x00000000   Code   RO         1867    .ARM.Collect$$libinit$$0000000E  c_w.l(libinit2.o)
    0x0800016c   0x0800016c   0x00000000   Code   RO         1870    .ARM.Collect$$libinit$$00000011  c_w.l(libinit2.o)
    0x0800016c   0x0800016c   0x00000000   Code   RO         1872    .ARM.Collect$$libinit$$00000013  c_w.l(libinit2.o)
    0x0800016c   0x0800016c   0x00000000   Code   RO         1874    .ARM.Collect$$libinit$$00000015  c_w.l(libinit2.o)
    0x0800016c   0x0800016c   0x00000000   Code   RO         1876    .ARM.Collect$$libinit$$00000017  c_w.l(libinit2.o)
    0x0800016c   0x0800016c   0x00000000   Code   RO         1878    .ARM.Collect$$libinit$$00000019  c_w.l(libinit2.o)
    0x0800016c   0x0800016c   0x00000000   Code   RO         1880    .ARM.Collect$$libinit$$0000001B  c_w.l(libinit2.o)
    0x0800016c   0x0800016c   0x00000000   Code   RO         1882    .ARM.Collect$$libinit$$0000001D  c_w.l(libinit2.o)
    0x0800016c   0x0800016c   0x00000000   Code   RO         1884    .ARM.Collect$$libinit$$0000001F  c_w.l(libinit2.o)
    0x0800016c   0x0800016c   0x00000000   Code   RO         1886    .ARM.Collect$$libinit$$00000021  c_w.l(libinit2.o)
    0x0800016c   0x0800016c   0x00000000   Code   RO         1888    .ARM.Collect$$libinit$$00000023  c_w.l(libinit2.o)
    0x0800016c   0x0800016c   0x00000000   Code   RO         1890    .ARM.Collect$$libinit$$00000025  c_w.l(libinit2.o)
    0x0800016c   0x0800016c   0x00000000   Code   RO         1894    .ARM.Collect$$libinit$$0000002C  c_w.l(libinit2.o)
    0x0800016c   0x0800016c   0x00000000   Code   RO         1896    .ARM.Collect$$libinit$$0000002E  c_w.l(libinit2.o)
    0x0800016c   0x0800016c   0x00000000   Code   RO         1898    .ARM.Collect$$libinit$$00000030  c_w.l(libinit2.o)
    0x0800016c   0x0800016c   0x00000000   Code   RO         1900    .ARM.Collect$$libinit$$00000032  c_w.l(libinit2.o)
    0x0800016c   0x0800016c   0x00000002   Code   RO         1901    .ARM.Collect$$libinit$$00000033  c_w.l(libinit2.o)
    0x0800016e   0x0800016e   0x00000002   Code   RO         1923    .ARM.Collect$$libshutdown$$00000000  c_w.l(libshutdown.o)
    0x08000170   0x08000170   0x00000000   Code   RO         1936    .ARM.Collect$$libshutdown$$00000002  c_w.l(libshutdown2.o)
    0x08000170   0x08000170   0x00000000   Code   RO         1938    .ARM.Collect$$libshutdown$$00000004  c_w.l(libshutdown2.o)
    0x08000170   0x08000170   0x00000000   Code   RO         1941    .ARM.Collect$$libshutdown$$00000007  c_w.l(libshutdown2.o)
    0x08000170   0x08000170   0x00000000   Code   RO         1944    .ARM.Collect$$libshutdown$$0000000A  c_w.l(libshutdown2.o)
    0x08000170   0x08000170   0x00000000   Code   RO         1946    .ARM.Collect$$libshutdown$$0000000C  c_w.l(libshutdown2.o)
    0x08000170   0x08000170   0x00000000   Code   RO         1949    .ARM.Collect$$libshutdown$$0000000F  c_w.l(libshutdown2.o)
    0x08000170   0x08000170   0x00000002   Code   RO         1950    .ARM.Collect$$libshutdown$$00000010  c_w.l(libshutdown2.o)
    0x08000172   0x08000172   0x00000000   Code   RO         1768    .ARM.Collect$$rtentry$$00000000  c_w.l(__rtentry.o)
    0x08000172   0x08000172   0x00000000   Code   RO         1817    .ARM.Collect$$rtentry$$00000002  c_w.l(__rtentry2.o)
    0x08000172   0x08000172   0x00000006   Code   RO         1829    .ARM.Collect$$rtentry$$00000004  c_w.l(__rtentry4.o)
    0x08000178   0x08000178   0x00000000   Code   RO         1819    .ARM.Collect$$rtentry$$00000009  c_w.l(__rtentry2.o)
    0x08000178   0x08000178   0x00000004   Code   RO         1820    .ARM.Collect$$rtentry$$0000000A  c_w.l(__rtentry2.o)
    0x0800017c   0x0800017c   0x00000000   Code   RO         1822    .ARM.Collect$$rtentry$$0000000C  c_w.l(__rtentry2.o)
    0x0800017c   0x0800017c   0x00000008   Code   RO         1823    .ARM.Collect$$rtentry$$0000000D  c_w.l(__rtentry2.o)
    0x08000184   0x08000184   0x00000002   Code   RO         1855    .ARM.Collect$$rtexit$$00000000  c_w.l(rtexit.o)
    0x08000186   0x08000186   0x00000000   Code   RO         1905    .ARM.Collect$$rtexit$$00000002  c_w.l(rtexit2.o)
    0x08000186   0x08000186   0x00000004   Code   RO         1906    .ARM.Collect$$rtexit$$00000003  c_w.l(rtexit2.o)
    0x0800018a   0x0800018a   0x00000006   Code   RO         1907    .ARM.Collect$$rtexit$$00000004  c_w.l(rtexit2.o)
    0x08000190   0x08000190   0x00000040   Code   RO         1622  * .text               startup_stm32f10x_ld.o
    0x080001d0   0x080001d0   0x00000028   Code   RO         1676    .text               c_w.l(noretval__2sprintf.o)
    0x080001f8   0x080001f8   0x00000068   Code   RO         1678    .text               c_w.l(__printf.o)
    0x08000260   0x08000260   0x00000078   Code   RO         1680    .text               c_w.l(_printf_dec.o)
    0x080002d8   0x080002d8   0x00000006   Code   RO         1704    .text               c_w.l(heapauxi.o)
    0x080002de   0x080002de   0x00000016   Code   RO         1769    .text               c_w.l(_rserrno.o)
    0x080002f4   0x080002f4   0x000000b2   Code   RO         1771    .text               c_w.l(_printf_intcommon.o)
    0x080003a6   0x080003a6   0x00000002   PAD
    0x080003a8   0x080003a8   0x00000030   Code   RO         1773    .text               c_w.l(_printf_char_common.o)
    0x080003d8   0x080003d8   0x0000000a   Code   RO         1775    .text               c_w.l(_sputc.o)
    0x080003e2   0x080003e2   0x00000002   PAD
    0x080003e4   0x080003e4   0x00000008   Code   RO         1834    .text               c_w.l(rt_errno_addr_intlibspace.o)
    0x080003ec   0x080003ec   0x00000008   Code   RO         1840    .text               c_w.l(libspace.o)
    0x080003f4   0x080003f4   0x0000004a   Code   RO         1843    .text               c_w.l(sys_stackheap_outer.o)
    0x0800043e   0x0800043e   0x00000012   Code   RO         1845    .text               c_w.l(exit.o)
    0x08000450   0x08000450   0x0000000c   Code   RO         1915    .text               c_w.l(sys_exit.o)
    0x0800045c   0x0800045c   0x00000002   Code   RO         1926    .text               c_w.l(use_no_semi.o)
    0x0800045e   0x0800045e   0x00000000   Code   RO         1928    .text               c_w.l(indicate_semi.o)
    0x0800045e   0x0800045e   0x00000002   PAD
    0x08000460   0x08000460   0x000000e0   Code   RO          421    i.CTR_READ_ACCEL_MPU6050  i2c_mpu6050.o
    0x08000540   0x08000540   0x00000050   Code   RO          215    i.CTR_Single_Read   i2c.o
    0x08000590   0x08000590   0x0000004a   Code   RO          216    i.CTR_Single_Write  i2c.o
    0x080005da   0x080005da   0x00000030   Code   RO          173    i.Delay1Ms          delay.o
    0x0800060a   0x0800060a   0x00000012   Code   RO          174    i.Delay_Ms          delay.o
    0x0800061c   0x0800061c   0x0000005c   Code   RO            4    i.EXTI0_IRQHandler  main.o
    0x08000678   0x08000678   0x00000060   Code   RO          129    i.EXTI0_Init        interrupt.o
    0x080006d8   0x080006d8   0x00000038   Code   RO            5    i.EXTI1_IRQHandler  main.o
    0x08000710   0x08000710   0x00000060   Code   RO          130    i.EXTI1_Init        interrupt.o
    0x08000770   0x08000770   0x00000116   Code   RO          514    i.GPIO_Init         stm32f10x_gpio.o
    0x08000886   0x08000886   0x00000012   Code   RO          518    i.GPIO_ReadInputDataBit  stm32f10x_gpio.o
    0x08000898   0x08000898   0x00000004   Code   RO          521    i.GPIO_ResetBits    stm32f10x_gpio.o
    0x0800089c   0x0800089c   0x00000004   Code   RO          522    i.GPIO_SetBits      stm32f10x_gpio.o
    0x080008a0   0x080008a0   0x00000020   Code   RO          338    i.I2C_LCD_BackLight  i2c_lcd.o
    0x080008c0   0x080008c0   0x0000000a   Code   RO          339    i.I2C_LCD_Clear     i2c_lcd.o
    0x080008ca   0x080008ca   0x00000002   PAD
    0x080008cc   0x080008cc   0x0000003c   Code   RO          340    i.I2C_LCD_FlushVal  i2c_lcd.o
    0x08000908   0x08000908   0x00000084   Code   RO          341    i.I2C_LCD_Init      i2c_lcd.o
    0x0800098c   0x0800098c   0x0000001c   Code   RO          343    i.I2C_LCD_Puts      i2c_lcd.o
    0x080009a8   0x080009a8   0x00000014   Code   RO          344    i.I2C_LCD_Setup     i2c_lcd.o
    0x080009bc   0x080009bc   0x00000030   Code   RO          345    i.I2C_LCD_WriteCmd  i2c_lcd.o
    0x080009ec   0x080009ec   0x00000070   Code   RO          346    i.I2C_LCD_Write_4bit  i2c_lcd.o
    0x08000a5c   0x08000a5c   0x0000003a   Code   RO          422    i.I2C_MPU6050_Init  i2c_mpu6050.o
    0x08000a96   0x08000a96   0x00000002   PAD
    0x08000a98   0x08000a98   0x00000014   Code   RO          423    i.I2C_MPU6050_Setup  i2c_mpu6050.o
    0x08000aac   0x08000aac   0x00000046   Code   RO          217    i.I2C_Read          i2c.o
    0x08000af2   0x08000af2   0x00000044   Code   RO          218    i.I2C_Write         i2c.o
    0x08000b36   0x08000b36   0x00000002   PAD
    0x08000b38   0x08000b38   0x0000006c   Code   RO          347    i.LCD_WaitBusy      i2c_lcd.o
    0x08000ba4   0x08000ba4   0x00000030   Code   RO          348    i.LCD_Write_Chr     i2c_lcd.o
    0x08000bd4   0x08000bd4   0x00000008   Code   RO          219    i.My_I2C_Init       i2c.o
    0x08000bdc   0x08000bdc   0x00000020   Code   RO          852    i.RCC_APB1PeriphClockCmd  stm32f10x_rcc.o
    0x08000bfc   0x08000bfc   0x00000020   Code   RO          854    i.RCC_APB2PeriphClockCmd  stm32f10x_rcc.o
    0x08000c1c   0x08000c1c   0x00000018   Code   RO          220    i.SCL_0             i2c.o
    0x08000c34   0x08000c34   0x00000018   Code   RO          221    i.SCL_1             i2c.o
    0x08000c4c   0x08000c4c   0x00000018   Code   RO          222    i.SDA_0             i2c.o
    0x08000c64   0x08000c64   0x00000018   Code   RO          223    i.SDA_1             i2c.o
    0x08000c7c   0x08000c7c   0x00000020   Code   RO          224    i.SDA_VAL           i2c.o
    0x08000c9c   0x08000c9c   0x00000008   Code   RO         1629    i.SetSysClock       system_stm32f10x.o
    0x08000ca4   0x08000ca4   0x000000e0   Code   RO         1630    i.SetSysClockTo72   system_stm32f10x.o
    0x08000d84   0x08000d84   0x00000060   Code   RO         1632    i.SystemInit        system_stm32f10x.o
    0x08000de4   0x08000de4   0x00000018   Code   RO         1078    i.TIM_Cmd           stm32f10x_tim.o
    0x08000dfc   0x08000dfc   0x00000006   Code   RO         1097    i.TIM_GetCounter    stm32f10x_tim.o
    0x08000e02   0x08000e02   0x00000004   Code   RO         1143    i.TIM_SetCounter    stm32f10x_tim.o
    0x08000e06   0x08000e06   0x00000002   PAD
    0x08000e08   0x08000e08   0x000000a4   Code   RO         1149    i.TIM_TimeBaseInit  stm32f10x_tim.o
    0x08000eac   0x08000eac   0x00000028   Code   RO         1811    i.__ARM_fpclassify  m_ws.l(fpclassify.o)
    0x08000ed4   0x08000ed4   0x00000022   Code   RO          131    i.__NVIC_EnableIRQ  interrupt.o
    0x08000ef6   0x08000ef6   0x00000002   PAD
    0x08000ef8   0x08000ef8   0x00000028   Code   RO          132    i.__NVIC_SetPriority  interrupt.o
    0x08000f20   0x08000f20   0x000000aa   Code   RO         1813    i.__kernel_poly     m_ws.l(poly.o)
    0x08000fca   0x08000fca   0x00000002   PAD
    0x08000fcc   0x08000fcc   0x00000010   Code   RO         1797    i.__mathlib_dbl_divzero  m_ws.l(dunder.o)
    0x08000fdc   0x08000fdc   0x00000004   Code   RO         1799    i.__mathlib_dbl_infnan2  m_ws.l(dunder.o)
    0x08000fe0   0x08000fe0   0x0000000c   Code   RO         1800    i.__mathlib_dbl_invalid  m_ws.l(dunder.o)
    0x08000fec   0x08000fec   0x0000000e   Code   RO         1801    i.__mathlib_dbl_overflow  m_ws.l(dunder.o)
    0x08000ffa   0x08000ffa   0x00000002   PAD
    0x08000ffc   0x08000ffc   0x00000010   Code   RO         1803    i.__mathlib_dbl_underflow  m_ws.l(dunder.o)
    0x0800100c   0x0800100c   0x0000002a   Code   RO          175    i.delay_init        delay.o
    0x08001036   0x08001036   0x00000030   Code   RO          176    i.delay_us          delay.o
    0x08001066   0x08001066   0x00000002   PAD
    0x08001068   0x08001068   0x0000004c   Code   RO          225    i.i2c_init          i2c.o
    0x080010b4   0x080010b4   0x0000006c   Code   RO          227    i.i2c_read          i2c.o
    0x08001120   0x08001120   0x00000024   Code   RO          228    i.i2c_setup         i2c.o
    0x08001144   0x08001144   0x0000002c   Code   RO          229    i.i2c_start         i2c.o
    0x08001170   0x08001170   0x00000022   Code   RO          230    i.i2c_stop          i2c.o
    0x08001192   0x08001192   0x00000072   Code   RO          231    i.i2c_write         i2c.o
    0x08001204   0x08001204   0x000000b4   Code   RO          114    i.init_GP           gpio.o
    0x080012b8   0x080012b8   0x000003f0   Code   RO            6    i.main              main.o
    0x080016a8   0x080016a8   0x000009d8   Code   RO         1751    i.pow               m_ws.l(pow.o)
    0x08002080   0x08002080   0x0000004c   Code   RO         1761    i.sqrt              m_ws.l(sqrt.o)
    0x080020cc   0x080020cc   0x00000062   Code   RO         1708    x$fpl$d2f           fz_ws.l(d2f.o)
    0x0800212e   0x0800212e   0x00000002   PAD
    0x08002130   0x08002130   0x00000150   Code   RO         1710    x$fpl$dadd          fz_ws.l(daddsub_clz.o)
    0x08002280   0x08002280   0x00000010   Code   RO         1838    x$fpl$dcheck1       fz_ws.l(dcheck1.o)
    0x08002290   0x08002290   0x00000018   Code   RO         1778    x$fpl$dcmpinf       fz_ws.l(dcmpi.o)
    0x080022a8   0x080022a8   0x000002b0   Code   RO         1717    x$fpl$ddiv          fz_ws.l(ddiv.o)
    0x08002558   0x08002558   0x0000002e   Code   RO         1721    x$fpl$dflt          fz_ws.l(dflt_clz.o)
    0x08002586   0x08002586   0x00000026   Code   RO         1720    x$fpl$dfltu         fz_ws.l(dflt_clz.o)
    0x080025ac   0x080025ac   0x00000078   Code   RO         1726    x$fpl$dleqf         fz_ws.l(dleqf.o)
    0x08002624   0x08002624   0x00000154   Code   RO         1780    x$fpl$dmul          fz_ws.l(dmul.o)
    0x08002778   0x08002778   0x0000009c   Code   RO         1782    x$fpl$dnaninf       fz_ws.l(dnaninf.o)
    0x08002814   0x08002814   0x0000000c   Code   RO         1784    x$fpl$dretinf       fz_ws.l(dretinf.o)
    0x08002820   0x08002820   0x0000006c   Code   RO         1728    x$fpl$drleqf        fz_ws.l(drleqf.o)
    0x0800288c   0x0800288c   0x00000016   Code   RO         1711    x$fpl$drsb          fz_ws.l(daddsub_clz.o)
    0x080028a2   0x080028a2   0x00000002   PAD
    0x080028a4   0x080028a4   0x000001cc   Code   RO         1786    x$fpl$dsqrt         fz_ws.l(dsqrt_noumaal.o)
    0x08002a70   0x08002a70   0x000001d4   Code   RO         1712    x$fpl$dsub          fz_ws.l(daddsub_clz.o)
    0x08002c44   0x08002c44   0x00000056   Code   RO         1730    x$fpl$f2d           fz_ws.l(f2d.o)
    0x08002c9a   0x08002c9a   0x00000002   PAD
    0x08002c9c   0x08002c9c   0x000000c4   Code   RO         1732    x$fpl$fadd          fz_ws.l(faddsub_clz.o)
    0x08002d60   0x08002d60   0x00000018   Code   RO         1788    x$fpl$fcmpinf       fz_ws.l(fcmpi.o)
    0x08002d78   0x08002d78   0x00000184   Code   RO         1739    x$fpl$fdiv          fz_ws.l(fdiv.o)
    0x08002efc   0x08002efc   0x00000026   Code   RO         1742    x$fpl$ffltu         fz_ws.l(fflt_clz.o)
    0x08002f22   0x08002f22   0x00000002   PAD
    0x08002f24   0x08002f24   0x00000068   Code   RO         1748    x$fpl$fleqf         fz_ws.l(fleqf.o)
    0x08002f8c   0x08002f8c   0x0000008c   Code   RO         1790    x$fpl$fnaninf       fz_ws.l(fnaninf.o)
    0x08003018   0x08003018   0x0000000a   Code   RO         1792    x$fpl$fretinf       fz_ws.l(fretinf.o)
    0x08003022   0x08003022   0x00000002   PAD
    0x08003024   0x08003024   0x000000ea   Code   RO         1734    x$fpl$fsub          fz_ws.l(faddsub_clz.o)
    0x0800310e   0x0800310e   0x00000064   Code   RO         1853    x$fpl$retnan        fz_ws.l(retnan.o)
    0x08003172   0x08003172   0x0000005c   Code   RO         1794    x$fpl$scalbn        fz_ws.l(scalbn.o)
    0x080031ce   0x080031ce   0x00000030   Code   RO         1902    x$fpl$trapveneer    fz_ws.l(trapv.o)
    0x080031fe   0x080031fe   0x00000000   Code   RO         1796    x$fpl$usenofp       fz_ws.l(usenofp.o)
    0x080031fe   0x080031fe   0x00000002   PAD
    0x08003200   0x08003200   0x00000088   Data   RO         1752    .constdata          m_ws.l(pow.o)
    0x08003288   0x08003288   0x00000008   Data   RO         1815    .constdata          m_ws.l(qnan.o)
    0x08003290   0x08003290   0x00000020   Data   RO         1981    Region$$Table       anon$$obj.o


    Execution Region ER_RW (Exec base: 0x20000000, Load base: 0x080032b0, Size: 0x00000058, Max: 0xffffffff, ABSOLUTE)

    Exec Addr    Load Addr    Size         Type   Attr      Idx    E Section Name        Object

    0x20000000   0x080032b0   0x00000038   Data   RW            8    .data               main.o
    0x20000038   0x080032e8   0x0000000c   Data   RW          232    .data               i2c.o
    0x20000044   0x080032f4   0x00000009   Data   RW          349    .data               i2c_lcd.o
    0x2000004d   0x080032fd   0x00000001   PAD
    0x2000004e   0x080032fe   0x0000000a   Data   RW          425    .data               i2c_mpu6050.o


    Execution Region ER_ZI (Exec base: 0x20000058, Load base: 0x08003308, Size: 0x00000690, Max: 0xffffffff, ABSOLUTE)

    Exec Addr    Load Addr    Size         Type   Attr      Idx    E Section Name        Object

    0x20000058        -       0x00000020   Zero   RW            7    .bss                main.o
    0x20000078        -       0x00000010   Zero   RW          424    .bss                i2c_mpu6050.o
    0x20000088        -       0x00000060   Zero   RW         1841    .bss                c_w.l(libspace.o)
    0x200000e8        -       0x00000200   Zero   RW         1620    HEAP                startup_stm32f10x_ld.o
    0x200002e8        -       0x00000400   Zero   RW         1619    STACK               startup_stm32f10x_ld.o


==============================================================================

Image component sizes


      Code (inc. data)   RO Data    RW Data    ZI Data      Debug   Object Name

       156          0          0          0          0       1806   delay.o
       180         16          0          0          0        718   gpio.o
       840         74          0         12          0       9061   i2c.o
       598         44          0          9          0       5449   i2c_lcd.o
       302         20          0         10         16       2064   i2c_mpu6050.o
       266         36          0          0          0       1882   interrupt.o
      1156        148          0         56         32     239206   main.o
        64         26        236          0       1536        824   startup_stm32f10x_ld.o
       304          0          0          0          0       3996   stm32f10x_gpio.o
        64         12          0          0          0       1210   stm32f10x_rcc.o
       198         42          0          0          0       3159   stm32f10x_tim.o
       328         28          0          0          0       2125   system_stm32f10x.o

    ----------------------------------------------------------------------
      4468        446        268         88       1584     271500   Object Totals
         0          0         32          0          0          0   (incl. Generated)
        12          0          0          1          0          0   (incl. Padding)

    ----------------------------------------------------------------------

      Code (inc. data)   RO Data    RW Data    ZI Data      Debug   Library Member Name

         8          0          0          0          0         68   __main.o
       104          0          0          0          0         84   __printf.o
         0          0          0          0          0          0   __rtentry.o
        12          0          0          0          0          0   __rtentry2.o
         6          0          0          0          0          0   __rtentry4.o
        52          8          0          0          0          0   __scatter.o
        26          0          0          0          0          0   __scatter_copy.o
        28          0          0          0          0          0   __scatter_zi.o
        48          6          0          0          0         96   _printf_char_common.o
         6          0          0          0          0          0   _printf_d.o
       120         16          0          0          0         92   _printf_dec.o
       178          0          0          0          0         88   _printf_intcommon.o
         0          0          0          0          0          0   _printf_percent.o
         4          0          0          0          0          0   _printf_percent_end.o
        22          0          0          0          0        100   _rserrno.o
        10          0          0          0          0         68   _sputc.o
        18          0          0          0          0         80   exit.o
         6          0          0          0          0        152   heapauxi.o
         0          0          0          0          0          0   indicate_semi.o
         2          0          0          0          0          0   libinit.o
         2          0          0          0          0          0   libinit2.o
         2          0          0          0          0          0   libshutdown.o
         2          0          0          0          0          0   libshutdown2.o
         8          4          0          0         96         68   libspace.o
        40          6          0          0          0         84   noretval__2sprintf.o
         8          4          0          0          0         68   rt_errno_addr_intlibspace.o
         2          0          0          0          0          0   rtexit.o
        10          0          0          0          0          0   rtexit2.o
        12          4          0          0          0         68   sys_exit.o
        74          0          0          0          0         80   sys_stackheap_outer.o
         2          0          0          0          0         68   use_no_semi.o
        98          4          0          0          0         92   d2f.o
       826         16          0          0          0        348   daddsub_clz.o
        16          4          0          0          0         68   dcheck1.o
        24          0          0          0          0         68   dcmpi.o
       688        140          0          0          0        208   ddiv.o
        84          0          0          0          0        136   dflt_clz.o
       120          4          0          0          0         92   dleqf.o
       340         12          0          0          0        104   dmul.o
       156          4          0          0          0         92   dnaninf.o
        12          0          0          0          0         68   dretinf.o
       108          0          0          0          0         80   drleqf.o
       460         56          0          0          0        120   dsqrt_noumaal.o
        86          4          0          0          0         84   f2d.o
       430          8          0          0          0        168   faddsub_clz.o
        24          0          0          0          0         68   fcmpi.o
       388         76          0          0          0         96   fdiv.o
        38          0          0          0          0         68   fflt_clz.o
       104          4          0          0          0         84   fleqf.o
       140          4          0          0          0         84   fnaninf.o
        10          0          0          0          0         68   fretinf.o
       100          0          0          0          0         68   retnan.o
        92          0          0          0          0         68   scalbn.o
        48          0          0          0          0         68   trapv.o
         0          0          0          0          0          0   usenofp.o
        62         10          0          0          0        340   dunder.o
        40          0          0          0          0         68   fpclassify.o
       170          0          0          0          0         96   poly.o
      2520        190        136          0          0        324   pow.o
         0          0          8          0          0          0   qnan.o
        76          0          0          0          0         84   sqrt.o

    ----------------------------------------------------------------------
      8096        584        144          0         96       4576   Library Totals
        24          0          0          0          0          0   (incl. Padding)

    ----------------------------------------------------------------------

      Code (inc. data)   RO Data    RW Data    ZI Data      Debug   Library Name

       812         48          0          0         96       1264   c_w.l
      4392        336          0          0          0       2400   fz_ws.l
      2868        200        144          0          0        912   m_ws.l

    ----------------------------------------------------------------------
      8096        584        144          0         96       4576   Library Totals

    ----------------------------------------------------------------------

==============================================================================


      Code (inc. data)   RO Data    RW Data    ZI Data      Debug   

     12564       1030        412         88       1680     270924   Grand Totals
     12564       1030        412         88       1680     270924   ELF Image Totals
     12564       1030        412         88          0          0   ROM Totals

==============================================================================

    Total RO  Size (Code + RO Data)                12976 (  12.67kB)
    Total RW  Size (RW Data + ZI Data)              1768 (   1.73kB)
    Total ROM Size (Code + RO Data + RW Data)      13064 (  12.76kB)

==============================================================================

